Microchip MPLAB XC8 Compiler V2.46

Linker command line:

-W-3 \
  --edf=C:\Program Files\Microchip\xc8\v2.46\pic\dat\20240104201356_en.msgs \
  -cn -h+dist/default/debug\i2c_MASTER.X.debug.sym \
  --cmf=dist/default/debug\i2c_MASTER.X.debug.cmf -z -Q16F1618 \
  -oC:\Users\MAB0B~1.SAN\AppData\Local\Temp\xcAst74.\driver_tmp_3.o \
  --defsym=__MPLAB_BUILD=1 --fixupoverflow=error \
  -Mdist/default/debug/i2c_MASTER.X.debug.map \
  --md=C:\Users\MAB0B~1.SAN\AppData\Local\Temp\xcAst74.\driver_tmp_0.dat \
  -E1 -ver=XC8 Compiler --acfsm=1493 -ACODE=00h-07FFhx2 -ASTRCODE=00h-0FFFh \
  -ASTRING=00h-0FFhx16 -ACONST=00h-0FFhx16 -AENTRY=00h-0FFhx16 \
  -ACOMMON=070h-07Fh -ABANK0=020h-06Fh -ABANK1=0A0h-0EFh \
  -ABANK2=0120h-016Fh -ABANK3=01A0h-01EFh -ABANK4=0220h-026Fh \
  -ABANK5=02A0h-02EFh -ABANK6=0320h-032Fh -ABIGRAM=02000h-021EFh \
  -ARAM=020h-06Fh,0A0h-0EFh,0120h-016Fh,01A0h-01EFh,0220h-026Fh,02A0h-02EFh,0320h-032Fh \
  -AABS1=020h-07Fh,0A0h-0EFh,0120h-016Fh,01A0h-01EFh,0220h-026Fh,02A0h-02EFh,0320h-032Fh \
  -ASFR0=00h-01Fh -ASFR1=080h-09Fh -ASFR2=0100h-011Fh -ASFR3=0180h-019Fh \
  -ASFR4=0200h-021Fh -ASFR5=0280h-029Fh -ASFR6=0300h-031Fh \
  -ASFR7=0380h-03EFh -ASFR8=0400h-046Fh -ASFR9=0480h-04EFh \
  -ASFR10=0500h-056Fh -ASFR11=0580h-05EFh -ASFR12=0600h-066Fh \
  -ASFR13=0680h-06EFh -ASFR14=0700h-076Fh -ASFR15=0780h-07EFh \
  -ASFR16=0800h-086Fh -ASFR17=0880h-08EFh -ASFR18=0900h-096Fh \
  -ASFR19=0980h-09EFh -ASFR20=0A00h-0A6Fh -ASFR21=0A80h-0AEFh \
  -ASFR22=0B00h-0B6Fh -ASFR23=0B80h-0BEFh -ASFR24=0C00h-0C6Fh \
  -ASFR25=0C80h-0CEFh -ASFR26=0D00h-0D6Fh -ASFR27=0D80h-0DEFh \
  -ASFR28=0E00h-0E6Fh -ASFR29=0E80h-0EEFh -ASFR30=0F00h-0F6Fh \
  -ASFR31=0F80h-0FEFh -ACONFIG=08007h-08009h -DCONFIG=2 \
  -AIDLOC=08000h-08003h -DIDLOC=2 -DCODE=2 -DSTRCODE=2 -DSTRING=2 -DCONST=2 \
  -DENTRY=2 -preset_vec=00h,intentry=04h,sivt,init,end_init -ppowerup=CODE \
  -pcinit=CODE -pfunctab=ENTRY -k \
  C:\Users\MAB0B~1.SAN\AppData\Local\Temp\xcAst74.\driver_tmp_12.o \
  dist/default/debug\i2c_MASTER.X.debug.o 

Object code version is 3.11

Machine type is 16F1618



                Name                               Link     Load   Length Selector   Space Scale
C:\Users\MAB0B~1.SAN\AppData\Local\Temp\xcAst74.\driver_tmp_12.o
                end_init                             36       36        2        8       0
                reset_vec                             0        0        3        0       0
                config                             8007     8007        3        0       4
dist/default/debug\i2c_MASTER.X.debug.o
                cinit                                38       38       30        8       0
                intentry                              4        4       32        8       0
                config                             8007     8007        3        0       4
                text87                              CE8      CE8        1     19D0       0
                text86                              E09      E09        F     1C12       0
                text85                              CE9      CE9        1     19D2       0
                text84                              D05      D05        4     1A0A       0
                text83                              CEA      CEA        3     19D4       0
                text82                              CED      CED        3     19DA       0
                text81                              D09      D09        4     1A12       0
                text80                              E37      E37       13     1C6E       0
                text79                              CF0      CF0        3     19E0       0
                text78                              D0D      D0D        4     1A1A       0
                text77                              CF3      CF3        3     19E6       0
                text76                              D11      D11        4     1A22       0
                text75                              D15      D15        4     1A2A       0
                text74                              CF6      CF6        3     19EC       0
                text73                              CF9      CF9        3     19F2       0
                text72                              D31      D31        5     1A62       0
                text71                              CFC      CFC        3     19F8       0
                text70                              FD4      FD4       2C     1FA8       0
                text69                              D19      D19        4     1A32       0
                text68                              DA0      DA0        8     1B40       0
                text67                              D6F      D6F        7     1ADE       0
                text66                              663      663       39        8       0
                text65                              D45      D45        6     1A8A       0
                text64                              D4B      D4B        6     1A96       0
                text63                              DA8      DA8        8     1B50       0
                text62                              D76      D76        7     1AEC       0
                text61                              F16      F16       23     1E2C       0
                text60                              D1D      D1D        4     1A3A       0
                text59                              D7D      D7D        7     1AFA       0
                text58                              D36      D36        5     1A6C       0
                text57                              D51      D51        6     1AA2       0
                text56                              4AD      4AD       43        8       0
                text55                              D21      D21        4     1A42       0
                text53                              D3B      D3B        5     1A76       0
                text52                                3        3        1        0       0
                text51                              D25      D25        4     1A4A       0
                text50                              FAA      FAA       2A     1F54       0
                text49                              E18      E18        F     1C30       0
                text48                              D29      D29        4     1A52       0
                text47                              E9F      E9F       1A     1D3E       0
                text46                              6D3      6D3       35        8       0
                text45                              DB8      DB8        B     1B70       0
                text44                              1AC      1AC       B4        8       0
                text43                              E27      E27       10     1C4E       0
                text42                              CFF      CFF        3     19FE       0
                text41                              D84      D84        7     1B08       0
                text40                              ED6      ED6       1E     1DAC       0
                text39                              F5E      F5E       26     1EBC       0
                text38                              468      468       45        8       0
                text37                              530      530       40        8       0
                text36                              D8B      D8B        7     1B16       0
                text35                              EF4      EF4       22     1DE8       0
                text34                              7CD      7CD       2E      F3E       0
                text33                              37A      37A       57        8       0
                text32                              570      570       3E        8       0
                text31                              79F      79F       2E      F3E       0
                text30                              73C      73C       33        8       0
                text29                              F84      F84       26     1F08       0
                text28                              260      260       90        8       0
                text27                              708      708       34        8       0
                text26                              4F0      4F0       40        8       0
                text25                              5EB      5EB       3D        8       0
                text24                              D57      D57        6     1AAE       0
                text23                              D92      D92        7     1B24       0
                text22                              DD9      DD9        C     1BB2       0
                text21                              D02      D02        3     1A04       0
                text20                              69C      69C       37        8       0
                text19                              2F0      2F0       8A        8       0
                text18                              3D1      3D1       4C        8       0
                text17                              5AE      5AE       3D        8       0
                text16                              628      628       3B        8       0
                text15                              DE5      DE5        C     1BCA       0
                text14                               68       68      144        8       0
                text13                              D5D      D5D        6     1ABA       0
                text12                              E5D      E5D       14     1CBA       0
                text11                              DB0      DB0        8     1B60       0
                text10                              DC3      DC3        B     1B86       0
                text9                               DF1      DF1        C     1BE2       0
                text8                               EB9      EB9       1D     1D72       0
                text7                               DFD      DFD        C     1BFA       0
                text6                               D2D      D2D        4     1A5A       0
                text5                               E71      E71       16     1CE2       0
                text4                               D40      D40        5     1A80       0
                text3                               DCE      DCE        B     1B9C       0
                text2                               41D      41D       4B        8       0
                text1                               E4A      E4A       13     1C94       0
                maintext                            F39      F39       25     1E72       0
                cstackBANK0                          20       20       32       20       1
                cstackCOMMON                         70       70        6       70       1
                clrtext                             D63      D63        6     1AC6       0
                inittext                            D69      D69        6     1AD2       0
                dataBANK1                            A0       A0       18       A0       1
                bssBANK1                             B8       B8       15       A0       1
                dataBANK0                            66       66        7       20       1
                bssBANK0                             52       52       14       20       1
                bssCOMMON                            76       76        4       70       1
                nvBANK1                              CD       CD        2       A0       1
                stringtext3                         80F      80F       12      FF6       0
                stringtext2                         7FB      7FB       14      FF6       0
                stringtext1                         76F      76F       30      EDE       0
                idataBANK1                          E87      E87       18     1D0E       0
                idataBANK0                          D99      D99        7     1B32       0

TOTAL           Name                               Link     Load   Length     Space
        CLASS   CODE           
                end_init                             36       36        2         0
                cinit                                38       38       30         0
                intentry                              4        4       32         0
                reset_vec                             0        0        3         0
                text87                              CE8      CE8        1         0
                text86                              E09      E09        F         0
                text85                              CE9      CE9        1         0
                text84                              D05      D05        4         0
                text83                              CEA      CEA        3         0
                text82                              CED      CED        3         0
                text81                              D09      D09        4         0
                text80                              E37      E37       13         0
                text79                              CF0      CF0        3         0
                text78                              D0D      D0D        4         0
                text77                              CF3      CF3        3         0
                text76                              D11      D11        4         0
                text75                              D15      D15        4         0
                text74                              CF6      CF6        3         0
                text73                              CF9      CF9        3         0
                text72                              D31      D31        5         0
                text71                              CFC      CFC        3         0
                text70                              FD4      FD4       2C         0
                text69                              D19      D19        4         0
                text68                              DA0      DA0        8         0
                text67                              D6F      D6F        7         0
                text66                              663      663       39         0
                text65                              D45      D45        6         0
                text64                              D4B      D4B        6         0
                text63                              DA8      DA8        8         0
                text62                              D76      D76        7         0
                text61                              F16      F16       23         0
                text60                              D1D      D1D        4         0
                text59                              D7D      D7D        7         0
                text58                              D36      D36        5         0
                text57                              D51      D51        6         0
                text56                              4AD      4AD       43         0
                text55                              D21      D21        4         0
                text53                              D3B      D3B        5         0
                text52                                3        3        1         0
                text51                              D25      D25        4         0
                text50                              FAA      FAA       2A         0
                text49                              E18      E18        F         0
                text48                              D29      D29        4         0
                text47                              E9F      E9F       1A         0
                text46                              6D3      6D3       35         0
                text45                              DB8      DB8        B         0
                text44                              1AC      1AC       B4         0
                text43                              E27      E27       10         0
                text42                              CFF      CFF        3         0
                text41                              D84      D84        7         0
                text40                              ED6      ED6       1E         0
                text39                              F5E      F5E       26         0
                text38                              468      468       45         0
                text37                              530      530       40         0
                text36                              D8B      D8B        7         0
                text35                              EF4      EF4       22         0
                text34                              7CD      7CD       2E         0
                text33                              37A      37A       57         0
                text32                              570      570       3E         0
                text31                              79F      79F       2E         0
                text30                              73C      73C       33         0
                text29                              F84      F84       26         0
                text28                              260      260       90         0
                text27                              708      708       34         0
                text26                              4F0      4F0       40         0
                text25                              5EB      5EB       3D         0
                text24                              D57      D57        6         0
                text23                              D92      D92        7         0
                text22                              DD9      DD9        C         0
                text21                              D02      D02        3         0
                text20                              69C      69C       37         0
                text19                              2F0      2F0       8A         0
                text18                              3D1      3D1       4C         0
                text17                              5AE      5AE       3D         0
                text16                              628      628       3B         0
                text15                              DE5      DE5        C         0
                text14                               68       68      144         0
                text13                              D5D      D5D        6         0
                text12                              E5D      E5D       14         0
                text11                              DB0      DB0        8         0
                text10                              DC3      DC3        B         0
                text9                               DF1      DF1        C         0
                text8                               EB9      EB9       1D         0
                text7                               DFD      DFD        C         0
                text6                               D2D      D2D        4         0
                text5                               E71      E71       16         0
                text4                               D40      D40        5         0
                text3                               DCE      DCE        B         0
                text2                               41D      41D       4B         0
                text1                               E4A      E4A       13         0
                maintext                            F39      F39       25         0
                clrtext                             D63      D63        6         0
                inittext                            D69      D69        6         0
                idataBANK1                          E87      E87       18         0
                idataBANK0                          D99      D99        7         0

        CLASS   STRCODE        
                stringtext3                         80F      80F       12         0
                stringtext2                         7FB      7FB       14         0
                stringtext1                         76F      76F       30         0

        CLASS   STRING         

        CLASS   CONST          

        CLASS   ENTRY          

        CLASS   COMMON         
                cstackCOMMON                         70       70        6         1
                bssCOMMON                            76       76        4         1

        CLASS   BANK0          
                cstackBANK0                          20       20       32         1
                dataBANK0                            66       66        7         1
                bssBANK0                             52       52       14         1

        CLASS   BANK1          
                dataBANK1                            A0       A0       18         1
                bssBANK1                             B8       B8       15         1
                nvBANK1                              CD       CD        2         1

        CLASS   BANK2          

        CLASS   BANK3          

        CLASS   BANK4          

        CLASS   BANK5          

        CLASS   BANK6          

        CLASS   BIGRAM         

        CLASS   RAM            

        CLASS   ABS1           
                abs_s1                               7E       7E        2         1

        CLASS   SFR0           

        CLASS   SFR1           

        CLASS   SFR2           

        CLASS   SFR3           

        CLASS   SFR4           

        CLASS   SFR5           

        CLASS   SFR6           

        CLASS   SFR7           

        CLASS   SFR8           

        CLASS   SFR9           

        CLASS   SFR10          

        CLASS   SFR11          

        CLASS   SFR12          

        CLASS   SFR13          

        CLASS   SFR14          

        CLASS   SFR15          

        CLASS   SFR16          

        CLASS   SFR17          

        CLASS   SFR18          

        CLASS   SFR19          

        CLASS   SFR20          

        CLASS   SFR21          

        CLASS   SFR22          

        CLASS   SFR23          

        CLASS   SFR24          

        CLASS   SFR25          

        CLASS   SFR26          

        CLASS   SFR27          

        CLASS   SFR28          

        CLASS   SFR29          

        CLASS   SFR30          

        CLASS   SFR31          

        CLASS   CONFIG         
                config                             8007     8007        3         4

        CLASS   IDLOC          

        CLASS   BANK31         

        CLASS   BANK30         

        CLASS   BANK29         

        CLASS   BANK28         

        CLASS   BANK27         

        CLASS   BANK26         

        CLASS   BANK25         

        CLASS   BANK24         

        CLASS   BANK23         

        CLASS   BANK22         

        CLASS   BANK21         

        CLASS   BANK20         

        CLASS   BANK19         

        CLASS   BANK18         

        CLASS   BANK17         

        CLASS   BANK16         

        CLASS   BANK15         

        CLASS   BANK14         

        CLASS   BANK13         

        CLASS   BANK12         

        CLASS   BANK11         

        CLASS   BANK10         

        CLASS   BANK9          

        CLASS   BANK8          

        CLASS   BANK7          

        CLASS   HEAP           

        CLASS   STACK          

        CLASS   EEDATA         



SEGMENTS        Name                           Load    Length   Top    Selector   Space  Class     Delta

                reset_vec                      000000  000004  000004         0       0  CODE        2
                intentry                       000004  00076B  00076F         8       0  CODE        2
                cstackBANK0                    000020  00004D  00006D        20       1  BANK0       1
                cstackCOMMON                   000070  00000A  00007A        70       1  COMMON      1
                dataBANK1                      0000A0  00002F  0000CF        A0       1  BANK1       1
                stringtext1                    00076F  000030  00079F       EDE       0  STRCODE     2
                text31                         00079F  00005C  0007FB       F3E       0  CODE        2
                stringtext2                    0007FB  000026  000821       FF6       0  STRCODE     2
                text87                         000CE8  000001  000CE9      19D0       0  CODE        2
                text85                         000CE9  000001  000CEA      19D2       0  CODE        2
                text83                         000CEA  000003  000CED      19D4       0  CODE        2
                text82                         000CED  000003  000CF0      19DA       0  CODE        2
                text79                         000CF0  000003  000CF3      19E0       0  CODE        2
                text77                         000CF3  000003  000CF6      19E6       0  CODE        2
                text74                         000CF6  000003  000CF9      19EC       0  CODE        2
                text73                         000CF9  000003  000CFC      19F2       0  CODE        2
                text71                         000CFC  000003  000CFF      19F8       0  CODE        2
                text42                         000CFF  000003  000D02      19FE       0  CODE        2
                text21                         000D02  000003  000D05      1A04       0  CODE        2
                text84                         000D05  000004  000D09      1A0A       0  CODE        2
                text81                         000D09  000004  000D0D      1A12       0  CODE        2
                text78                         000D0D  000004  000D11      1A1A       0  CODE        2
                text76                         000D11  000004  000D15      1A22       0  CODE        2
                text75                         000D15  000004  000D19      1A2A       0  CODE        2
                text69                         000D19  000004  000D1D      1A32       0  CODE        2
                text60                         000D1D  000004  000D21      1A3A       0  CODE        2
                text55                         000D21  000004  000D25      1A42       0  CODE        2
                text51                         000D25  000004  000D29      1A4A       0  CODE        2
                text48                         000D29  000004  000D2D      1A52       0  CODE        2
                text6                          000D2D  000004  000D31      1A5A       0  CODE        2
                text72                         000D31  000005  000D36      1A62       0  CODE        2
                text58                         000D36  000005  000D3B      1A6C       0  CODE        2
                text53                         000D3B  000005  000D40      1A76       0  CODE        2
                text4                          000D40  000005  000D45      1A80       0  CODE        2
                text65                         000D45  000006  000D4B      1A8A       0  CODE        2
                text64                         000D4B  000006  000D51      1A96       0  CODE        2
                text57                         000D51  000006  000D57      1AA2       0  CODE        2
                text24                         000D57  000006  000D5D      1AAE       0  CODE        2
                text13                         000D5D  000006  000D63      1ABA       0  CODE        2
                clrtext                        000D63  000006  000D69      1AC6       0  CODE        2
                inittext                       000D69  000006  000D6F      1AD2       0  CODE        2
                text67                         000D6F  000007  000D76      1ADE       0  CODE        2
                text62                         000D76  000007  000D7D      1AEC       0  CODE        2
                text59                         000D7D  000007  000D84      1AFA       0  CODE        2
                text41                         000D84  000007  000D8B      1B08       0  CODE        2
                text36                         000D8B  000007  000D92      1B16       0  CODE        2
                text23                         000D92  000007  000D99      1B24       0  CODE        2
                idataBANK0                     000D99  000007  000DA0      1B32       0  CODE        2
                text68                         000DA0  000008  000DA8      1B40       0  CODE        2
                text63                         000DA8  000008  000DB0      1B50       0  CODE        2
                text11                         000DB0  000008  000DB8      1B60       0  CODE        2
                text45                         000DB8  00000B  000DC3      1B70       0  CODE        2
                text10                         000DC3  00000B  000DCE      1B86       0  CODE        2
                text3                          000DCE  00000B  000DD9      1B9C       0  CODE        2
                text22                         000DD9  00000C  000DE5      1BB2       0  CODE        2
                text15                         000DE5  00000C  000DF1      1BCA       0  CODE        2
                text9                          000DF1  00000C  000DFD      1BE2       0  CODE        2
                text7                          000DFD  00000C  000E09      1BFA       0  CODE        2
                text86                         000E09  00000F  000E18      1C12       0  CODE        2
                text49                         000E18  00000F  000E27      1C30       0  CODE        2
                text43                         000E27  000010  000E37      1C4E       0  CODE        2
                text80                         000E37  000013  000E4A      1C6E       0  CODE        2
                text1                          000E4A  000013  000E5D      1C94       0  CODE        2
                text12                         000E5D  000014  000E71      1CBA       0  CODE        2
                text5                          000E71  000016  000E87      1CE2       0  CODE        2
                idataBANK1                     000E87  000018  000E9F      1D0E       0  CODE        2
                text47                         000E9F  00001A  000EB9      1D3E       0  CODE        2
                text8                          000EB9  00001D  000ED6      1D72       0  CODE        2
                text40                         000ED6  00001E  000EF4      1DAC       0  CODE        2
                text35                         000EF4  000022  000F16      1DE8       0  CODE        2
                text61                         000F16  000023  000F39      1E2C       0  CODE        2
                maintext                       000F39  000025  000F5E      1E72       0  CODE        2
                text39                         000F5E  000026  000F84      1EBC       0  CODE        2
                text29                         000F84  000026  000FAA      1F08       0  CODE        2
                text50                         000FAA  00002A  000FD4      1F54       0  CODE        2
                text70                         000FD4  00002C  001000      1FA8       0  CODE        2


UNUSED ADDRESS RANGES

        Name                Unused          Largest block    Delta
        BANK0            0006D-0006F               3           1
        BANK1            000CF-000EF              21           1
        BANK2            00120-0016F              50           1
        BANK3            001A0-001EF              50           1
        BANK4            00220-0026F              50           1
        BANK5            002A0-002EF              50           1
        BANK6            00320-0032F              10           1
        BIGRAM           02000-021EF             1F0           1
        CODE             00821-00CE7             4C7           2
        COMMON           0007A-0007D               4           1
        CONST            00821-00CE7             100           2
        ENTRY            00821-00CE7             100           2
        IDLOC            08000-08003               4           2
        RAM              0006D-0006F               3           1
                         000CF-000EF              21
                         00120-0016F              50
                         001A0-001EF              50
                         00220-0026F              50
                         002A0-002EF              50
                         00320-0032F              10
        SFR0             00000-0001F              20           1
        SFR1             00080-0009F              20           1
        SFR10            00500-0056F              70           1
        SFR11            00580-005EF              70           1
        SFR12            00600-0066F              70           1
        SFR13            00680-006EF              70           1
        SFR14            00700-0076F              70           1
        SFR15            00780-007EF              70           1
        SFR16            00800-0086F              70           1
        SFR17            00880-008EF              70           1
        SFR18            00900-0096F              70           1
        SFR19            00980-009EF              70           1
        SFR2             00100-0011F              20           1
        SFR20            00A00-00A6F              70           1
        SFR21            00A80-00AEF              70           1
        SFR22            00B00-00B6F              70           1
        SFR23            00B80-00BEF              70           1
        SFR24            00C00-00C6F              70           1
        SFR25            00C80-00CEF              70           1
        SFR26            00D00-00D6F              70           1
        SFR27            00D80-00DEF              70           1
        SFR28            00E00-00E6F              70           1
        SFR29            00E80-00EEF              70           1
        SFR3             00180-0019F              20           1
        SFR30            00F00-00F6F              70           1
        SFR31            00F80-00FEF              70           1
        SFR4             00200-0021F              20           1
        SFR5             00280-0029F              20           1
        SFR6             00300-0031F              20           1
        SFR7             00380-003EF              70           1
        SFR8             00400-0046F              70           1
        SFR9             00480-004EF              70           1
        STRCODE          00821-00CE7             4C7           2
        STRING           00821-00CE7             100           2

                                  Symbol Table

?_ADC2Amp                                           cstackBANK0  0003A
?_ADC2Celsius                                       cstackBANK0  0003A
?_ADC_GetConversionResult                           cstackCOMMON 00074
?___aldiv                                           cstackBANK0  0002C
?___lmul                                            cstackBANK0  00020
?_getADCValue                                       cstackBANK0  00020
?_packLong                                          cstackBANK0  00020
ADC2Amp@result                                      cstackBANK0  00042
ADC2Amp@v                                           cstackBANK0  0003A
ADC2Amp@value                                       cstackBANK0  0003E
ADC2Celsius@result                                  cstackBANK0  00044
ADC2Celsius@v                                       cstackBANK0  0003A
ADC2Celsius@value                                   cstackBANK0  00040
ADC2dBm@result                                      cstackBANK0  00040
ADC2dBm@v                                           cstackBANK0  0003A
ADC2dBm@value                                       cstackBANK0  0003C
ADC_SelectChannel@channel                           cstackCOMMON 00075
ADC_SetInterruptHandler@InterruptHandler            cstackCOMMON 00074
EUSART_FramingErrorCallbackRegister@callbackHandler cstackCOMMON 00074
EUSART_OverrunErrorCallbackRegister@callbackHandler cstackCOMMON 00074
EUSART_Write@txData                                 cstackCOMMON 00074
I2C1_CallbackRegister@callbackHandler               cstackCOMMON 00074
I2C1_DataTransmit@data                              cstackCOMMON 00070
I2C1_EVENT_ERROR@retEventState                      cstackCOMMON 00070
I2C1_EVENT_NACK@retEventState                       cstackCOMMON 00070
I2C1_EVENT_RX@retEventState                         cstackCOMMON 00071
I2C1_EVENT_TX@retEventState                         cstackCOMMON 00071
I2C1_Read@address                                   cstackBANK0  00020
I2C1_Read@data                                      cstackBANK0  00022
I2C1_Read@dataLength                                cstackBANK0  00023
I2C1_Read@retStatus                                 cstackCOMMON 00075
I2C1_Write@address                                  cstackBANK0  00020
I2C1_Write@data                                     cstackBANK0  00022
I2C1_Write@dataLength                               cstackBANK0  00023
INT_SetInterruptHandler@InterruptHandler            cstackCOMMON 00074
KAPS_GoToIdx@idx                                    cstackBANK0  00027
KAPS_GoToIdx@reg                                    cstackBANK0  00028
KAPS_StorePos@data                                  cstackBANK0  00033
KAPS_StorePos@idx                                   cstackBANK0  00039
KAPS_StorePos@pos                                   cstackBANK0  0002D
KAPS_StorePos@reg                                   cstackBANK0  00038
KAPS_getIndex@data                                  cstackBANK0  00028
KAPS_getIndex@reg                                   cstackBANK0  00027
KAPS_getPos@data                                    cstackBANK0  0002F
KAPS_getPos@reg                                     cstackBANK0  00033
KAPS_getStatus@data                                 cstackBANK0  00028
KAPS_getStatus@reg                                  cstackBANK0  00027
KAPS_setAbsPos@data                                 cstackBANK0  00033
KAPS_setAbsPos@pos                                  cstackBANK0  0002D
KAPS_setAbsPos@reg                                  cstackBANK0  00037
KAPS_setRelPos@offset                               cstackBANK0  00027
KAPS_setRelPos@reg                                  cstackBANK0  00028
Parse@data                                          cstackBANK0  00029
ProcessMsg@data                                     cstackBANK0  0004E
ProcessMsg@msg_id                                   cstackBANK0  00050
ProcessMsg@payload                                  bssBANK1     000C2
SSPA_getPOut@adc_value                              cstackBANK0  00048
SSPA_getPOut@band                                   cstackBANK0  0004A
SSPA_getTemp@adc_value                              cstackBANK0  0004A
SSPA_getTemp@band                                   cstackBANK0  0004D
SSPA_getTemp@channel                                cstackBANK0  0004C
SSPA_setMute@band                                   cstackCOMMON 00075
SSPA_setMute@mute                                   cstackCOMMON 00074
SendMsg@data                                        cstackBANK0  00021
SendMsg@data_len                                    cstackBANK0  00022
SendMsg@msg_id                                      cstackBANK0  00025
SendMsg@sum                                         cstackBANK0  00024
SendNack@error                                      cstackBANK0  00026
SendSync@data                                       cstackBANK0  00020
_ADC2Amp                                            text26       004F0
_ADC2Celsius                                        text18       003D1
_ADC2dBm                                            text25       005EB
_ADCON0                                             (abs)        0009D
_ADCON0bits                                         (abs)        0009D
_ADCON1                                             (abs)        0009E
_ADCON2                                             (abs)        0009F
_ADC_DefaultInterruptHandler                        text87       00CE8
_ADC_GetConversionResult                            text24       00D57
_ADC_ISR                                            text86       00E09
_ADC_Initialize                                     text12       00E5D
_ADC_InterruptHandler                               nvBANK1      000CD
_ADC_IsConversionDone                               text23       00D92
_ADC_SelectChannel                                  text22       00DD9
_ADC_SetInterruptHandler                            text13       00D5D
_ADC_StartConversion                                text21       00D02
_ADRESH                                             (abs)        0009C
_ADRESL                                             (abs)        0009B
_ANSELA                                             (abs)        0018C
_ANSELB                                             (abs)        0018D
_ANSELC                                             (abs)        0018E
_BAUD1CON                                           (abs)        0019F
_BAUD1CONbits                                       (abs)        0019F
_BORCON                                             (abs)        00116
_CLOCK_Initialize                                   text11       00DB0
_EUSART_AutoBaudQuery                               (abs)        00000
_EUSART_AutoBaudSet                                 (abs)        00000
_EUSART_DefaultFramingErrorCallback                 text52       00003
_EUSART_DefaultOverrunErrorCallback                 text51       00D25
_EUSART_Deinitialize                                (abs)        00000
_EUSART_ErrorGet                                    (abs)        00000
_EUSART_FramingErrorCallbackRegister                text10       00DC3
_EUSART_FramingErrorHandler                         bssCOMMON    00076
_EUSART_Initialize                                  text8        00EB9
_EUSART_IsRxReady                                   text53       00D3B
_EUSART_IsTxDone                                    (abs)        00000
_EUSART_IsTxReady                                   text49       00E18
_EUSART_IsTxReady$1324                              cstackCOMMON 00074
_EUSART_OverrunErrorCallbackRegister                text9        00DF1
_EUSART_OverrunErrorHandler                         bssBANK1     000BC
_EUSART_Read                                        text50       00FAA
_EUSART_TransmitDisable                             (abs)        00000
_EUSART_TransmitEnable                              (abs)        00000
_EUSART_Write                                       text48       00D29
_I2C1_AckSend                                       text78       00D0D
_I2C1_BusReset                                      text84       00D05
_I2C1_Callback                                      bssBANK1     000C0
_I2C1_CallbackRegister                              text7        00DFD
_I2C1_Close                                         text80       00E37
_I2C1_DataReceive                                   text77       00CF3
_I2C1_DataTransmit                                  text72       00D31
_I2C1_DefaultCallback                               text85       00CE9
_I2C1_Deinitialize                                  (abs)        00000
_I2C1_ERROR_ISR                                     text60       00D1D
_I2C1_EVENT_ERROR                                   text64       00D4B
_I2C1_EVENT_IDLE                                    text69       00D19
_I2C1_EVENT_NACK                                    text65       00D45
_I2C1_EVENT_RESET                                   text62       00D76
_I2C1_EVENT_RX                                      text66       00663
_I2C1_EVENT_SEND_RD_ADDR                            text68       00DA0
_I2C1_EVENT_SEND_WR_ADDR                            text67       00D6F
_I2C1_EVENT_STOP                                    text63       00DA8
_I2C1_EVENT_TX                                      text70       00FD4
_I2C1_ErrorEventHandler                             text61       00F16
_I2C1_ErrorGet                                      (abs)        00000
_I2C1_ErrorInterruptClear                           text83       00CEA
_I2C1_EventHandler                                  text56       004AD
_I2C1_ISR                                           text55       00D21
_I2C1_Initialize                                    text5        00E71
_I2C1_InterruptClear                                text82       00CED
_I2C1_InterruptsEnable                              text6        00D2D
_I2C1_IsAddr                                        text59       00D7D
_I2C1_IsBusy                                        text43       00E27
_I2C1_IsBusy$646                                    cstackCOMMON 00074
_I2C1_IsData                                        text58       00D36
_I2C1_IsNack                                        text57       00D51
_I2C1_IsRxBufFull                                   text76       00D11
_I2C1_NackSend                                      text75       00D15
_I2C1_Read                                          text35       00EF4
_I2C1_ReadStart                                     text36       00D8B
_I2C1_ReceiveEnable                                 text74       00CF6
_I2C1_RestartDisable                                text73       00CF9
_I2C1_RestartEnable                                 text71       00CFC
_I2C1_StartSend                                     text42       00CFF
_I2C1_StatusFlagsClear                              text81       00D09
_I2C1_StopSend                                      text79       00CF0
_I2C1_Write                                         text40       00ED6
_I2C1_WriteRead                                     (abs)        00000
_I2C1_WriteStart                                    text41       00D84
_INLVLA                                             (abs)        0038C
_INLVLB                                             (abs)        0038D
_INLVLC                                             (abs)        0038E
_INTCONbits                                         (abs)        0000B
_INTERRUPT_Initialize                               text3        00DCE
_INTERRUPT_InterruptManager                         intentry     00004
_INT_DefaultInterruptHandler                        (abs)        00000
_INT_InterruptHandler                               bssCOMMON    00078
_INT_SetInterruptHandler                            text4        00D40
_IOCAF                                              (abs)        00393
_IOCAN                                              (abs)        00392
_IOCAP                                              (abs)        00391
_IOCBF                                              (abs)        00396
_IOCBN                                              (abs)        00395
_IOCBP                                              (abs)        00394
_IOCCF                                              (abs)        00399
_IOCCN                                              (abs)        00398
_IOCCP                                              (abs)        00397
_KAPS_GoToIdx                                       text39       00F5E
_KAPS_StorePos                                      text37       00530
_KAPS_getIndex                                      text34       007CD
_KAPS_getPos                                        text32       00570
_KAPS_getStatus                                     text31       0079F
_KAPS_setAbsPos                                     text30       0073C
_KAPS_setRelPos                                     text29       00F84
_LATA                                               (abs)        0010C
_LATB                                               (abs)        0010D
_LATC                                               (abs)        0010E
_LATCbits                                           (abs)        0010E
_ODCONA                                             (abs)        0028C
_ODCONB                                             (abs)        0028D
_ODCONC                                             (abs)        0028E
_OPTION_REGbits                                     (abs)        00095
_OSCCON                                             (abs)        00099
_OSCTUNE                                            (abs)        00098
_PIE1bits                                           (abs)        00090
_PIE2bits                                           (abs)        00091
_PIN_MANAGER_Initialize                             text2        0041D
_PIR1bits                                           (abs)        00010
_PIR2bits                                           (abs)        00011
_Parse                                              text44       001AC
_ProcessMsg                                         text14       00068
_RB5PPS                                             (abs)        00E9D
_RB6PPS                                             (abs)        00E9E
_RC1REG                                             (abs)        00199
_RC1STA                                             (abs)        0019D
_RC1STAbits                                         (abs)        0019D
_RC2PPS                                             (abs)        00EA2
_RXPPS                                              (abs)        00E24
_SLRCONA                                            (abs)        0030C
_SLRCONB                                            (abs)        0030D
_SLRCONC                                            (abs)        0030E
_SPBRGH                                             (abs)        0019C
_SPBRGL                                             (abs)        0019B
_SSP1ADD                                            (abs)        00212
_SSP1BUF                                            (abs)        00211
_SSP1CON1                                           (abs)        00215
_SSP1CON1bits                                       (abs)        00215
_SSP1CON2                                           (abs)        00216
_SSP1CON2bits                                       (abs)        00216
_SSP1CON3                                           (abs)        00217
_SSP1STAT                                           (abs)        00214
_SSP1STATbits                                       (abs)        00214
_SSPA_getPOut                                       text19       002F0
_SSPA_getTemp                                       text17       005AE
_SSPA_setMute                                       text16       00628
_SSPCLKPPS                                          (abs)        00E20
_SSPDATPPS                                          (abs)        00E21
_SYSTEM_Initialize                                  text1        00E4A
_SendMsg                                            text46       006D3
_SendNack                                           text45       00DB8
_SendSync                                           text47       00E9F
_TRISA                                              (abs)        0008C
_TRISB                                              (abs)        0008D
_TRISC                                              (abs)        0008E
_TX1REG                                             (abs)        0019A
_TX1STA                                             (abs)        0019E
_TX1STAbits                                         (abs)        0019E
_WPUA                                               (abs)        0020C
_WPUB                                               (abs)        0020D
_WPUC                                               (abs)        0020E
__H__absolute__                                     __absolute__ 00000
__Habs1                                             abs1         00000
__Hbank0                                            bank0        00000
__Hbank1                                            bank1        00000
__Hbank10                                           bank10       00000
__Hbank11                                           bank11       00000
__Hbank12                                           bank12       00000
__Hbank13                                           bank13       00000
__Hbank14                                           bank14       00000
__Hbank15                                           bank15       00000
__Hbank16                                           bank16       00000
__Hbank17                                           bank17       00000
__Hbank18                                           bank18       00000
__Hbank19                                           bank19       00000
__Hbank2                                            bank2        00000
__Hbank20                                           bank20       00000
__Hbank21                                           bank21       00000
__Hbank22                                           bank22       00000
__Hbank23                                           bank23       00000
__Hbank24                                           bank24       00000
__Hbank25                                           bank25       00000
__Hbank26                                           bank26       00000
__Hbank27                                           bank27       00000
__Hbank28                                           bank28       00000
__Hbank29                                           bank29       00000
__Hbank3                                            bank3        00000
__Hbank30                                           bank30       00000
__Hbank31                                           bank31       00000
__Hbank4                                            bank4        00000
__Hbank5                                            bank5        00000
__Hbank6                                            bank6        00000
__Hbank7                                            bank7        00000
__Hbank8                                            bank8        00000
__Hbank9                                            bank9        00000
__Hbigram                                           bigram       00000
__HbssBANK0                                         bssBANK0     00000
__HbssBANK1                                         bssBANK1     00000
__HbssCOMMON                                        bssCOMMON    00000
__Hcinit                                            cinit        00068
__Hclrtext                                          clrtext      00000
__Hcode                                             code         00000
__Hcommon                                           common       00000
__Hconfig                                           config       0800A
__HcstackBANK0                                      cstackBANK0  00000
__HcstackCOMMON                                     cstackCOMMON 00000
__HdataBANK0                                        dataBANK0    00000
__HdataBANK1                                        dataBANK1    00000
__Heeprom_data                                      eeprom_data  00000
__Hend_init                                         end_init     00038
__Hfunctab                                          functab      00000
__Hheap                                             heap         00000
__HidataBANK0                                       idataBANK0   00000
__HidataBANK1                                       idataBANK1   00000
__Hinit                                             init         00036
__Hinittext                                         inittext     00000
__Hintentry                                         intentry     00036
__Hmaintext                                         maintext     00000
__HnvBANK1                                          nvBANK1      00000
__Hpowerup                                          powerup      00000
__Hram                                              ram          00000
__Hreset_vec                                        reset_vec    00003
__Hsfr0                                             sfr0         00000
__Hsfr1                                             sfr1         00000
__Hsfr10                                            sfr10        00000
__Hsfr11                                            sfr11        00000
__Hsfr12                                            sfr12        00000
__Hsfr13                                            sfr13        00000
__Hsfr14                                            sfr14        00000
__Hsfr15                                            sfr15        00000
__Hsfr16                                            sfr16        00000
__Hsfr17                                            sfr17        00000
__Hsfr18                                            sfr18        00000
__Hsfr19                                            sfr19        00000
__Hsfr2                                             sfr2         00000
__Hsfr20                                            sfr20        00000
__Hsfr21                                            sfr21        00000
__Hsfr22                                            sfr22        00000
__Hsfr23                                            sfr23        00000
__Hsfr24                                            sfr24        00000
__Hsfr25                                            sfr25        00000
__Hsfr26                                            sfr26        00000
__Hsfr27                                            sfr27        00000
__Hsfr28                                            sfr28        00000
__Hsfr29                                            sfr29        00000
__Hsfr3                                             sfr3         00000
__Hsfr30                                            sfr30        00000
__Hsfr31                                            sfr31        00000
__Hsfr4                                             sfr4         00000
__Hsfr5                                             sfr5         00000
__Hsfr6                                             sfr6         00000
__Hsfr7                                             sfr7         00000
__Hsfr8                                             sfr8         00000
__Hsfr9                                             sfr9         00000
__Hsivt                                             sivt         00036
__Hspace_0                                          (abs)        01000
__Hspace_1                                          (abs)        000CF
__Hspace_2                                          (abs)        00000
__Hspace_3                                          (abs)        00000
__Hspace_4                                          (abs)        10011
__Hstack                                            stack        00000
__Hstrings                                          strings      00000
__Hstringtext1                                      stringtext1  00000
__Hstringtext2                                      stringtext2  00000
__Hstringtext3                                      stringtext3  00000
__Htext                                             text         00000
__L__absolute__                                     __absolute__ 00000
__Labs1                                             abs1         00000
__Lbank0                                            bank0        00000
__Lbank1                                            bank1        00000
__Lbank10                                           bank10       00000
__Lbank11                                           bank11       00000
__Lbank12                                           bank12       00000
__Lbank13                                           bank13       00000
__Lbank14                                           bank14       00000
__Lbank15                                           bank15       00000
__Lbank16                                           bank16       00000
__Lbank17                                           bank17       00000
__Lbank18                                           bank18       00000
__Lbank19                                           bank19       00000
__Lbank2                                            bank2        00000
__Lbank20                                           bank20       00000
__Lbank21                                           bank21       00000
__Lbank22                                           bank22       00000
__Lbank23                                           bank23       00000
__Lbank24                                           bank24       00000
__Lbank25                                           bank25       00000
__Lbank26                                           bank26       00000
__Lbank27                                           bank27       00000
__Lbank28                                           bank28       00000
__Lbank29                                           bank29       00000
__Lbank3                                            bank3        00000
__Lbank30                                           bank30       00000
__Lbank31                                           bank31       00000
__Lbank4                                            bank4        00000
__Lbank5                                            bank5        00000
__Lbank6                                            bank6        00000
__Lbank7                                            bank7        00000
__Lbank8                                            bank8        00000
__Lbank9                                            bank9        00000
__Lbigram                                           bigram       00000
__LbssBANK0                                         bssBANK0     00000
__LbssBANK1                                         bssBANK1     00000
__LbssCOMMON                                        bssCOMMON    00000
__Lcinit                                            cinit        00038
__Lclrtext                                          clrtext      00000
__Lcode                                             code         00000
__Lcommon                                           common       00000
__Lconfig                                           config       00000
__LcstackBANK0                                      cstackBANK0  00000
__LcstackCOMMON                                     cstackCOMMON 00000
__LdataBANK0                                        dataBANK0    00000
__LdataBANK1                                        dataBANK1    00000
__Leeprom_data                                      eeprom_data  00000
__Lend_init                                         end_init     00036
__Lfunctab                                          functab      00000
__Lheap                                             heap         00000
__LidataBANK0                                       idataBANK0   00000
__LidataBANK1                                       idataBANK1   00000
__Linit                                             init         00036
__Linittext                                         inittext     00000
__Lintentry                                         intentry     00004
__Lmaintext                                         maintext     00000
__LnvBANK1                                          nvBANK1      00000
__Lpowerup                                          powerup      00000
__Lram                                              ram          00000
__Lreset_vec                                        reset_vec    00000
__Lsfr0                                             sfr0         00000
__Lsfr1                                             sfr1         00000
__Lsfr10                                            sfr10        00000
__Lsfr11                                            sfr11        00000
__Lsfr12                                            sfr12        00000
__Lsfr13                                            sfr13        00000
__Lsfr14                                            sfr14        00000
__Lsfr15                                            sfr15        00000
__Lsfr16                                            sfr16        00000
__Lsfr17                                            sfr17        00000
__Lsfr18                                            sfr18        00000
__Lsfr19                                            sfr19        00000
__Lsfr2                                             sfr2         00000
__Lsfr20                                            sfr20        00000
__Lsfr21                                            sfr21        00000
__Lsfr22                                            sfr22        00000
__Lsfr23                                            sfr23        00000
__Lsfr24                                            sfr24        00000
__Lsfr25                                            sfr25        00000
__Lsfr26                                            sfr26        00000
__Lsfr27                                            sfr27        00000
__Lsfr28                                            sfr28        00000
__Lsfr29                                            sfr29        00000
__Lsfr3                                             sfr3         00000
__Lsfr30                                            sfr30        00000
__Lsfr31                                            sfr31        00000
__Lsfr4                                             sfr4         00000
__Lsfr5                                             sfr5         00000
__Lsfr6                                             sfr6         00000
__Lsfr7                                             sfr7         00000
__Lsfr8                                             sfr8         00000
__Lsfr9                                             sfr9         00000
__Lsivt                                             sivt         00036
__Lspace_0                                          (abs)        00000
__Lspace_1                                          (abs)        00000
__Lspace_2                                          (abs)        00000
__Lspace_3                                          (abs)        00000
__Lspace_4                                          (abs)        00000
__Lstack                                            stack        00000
__Lstrings                                          strings      00000
__Lstringtext1                                      stringtext1  00000
__Lstringtext2                                      stringtext2  00000
__Lstringtext3                                      stringtext3  00000
__Ltext                                             text         00000
__S0                                                (abs)        01000
__S1                                                (abs)        000CF
___aldiv                                            text28       00260
___aldiv@counter                                    cstackBANK0  00034
___aldiv@dividend                                   cstackBANK0  00030
___aldiv@divisor                                    cstackBANK0  0002C
___aldiv@quotient                                   cstackBANK0  00036
___aldiv@sign                                       cstackBANK0  00035
___heap_hi                                          (abs)        00000
___heap_lo                                          (abs)        00000
___int_sp                                           stack        00000
___int_stack_hi                                     stack        00000
___int_stack_lo                                     stack        00000
___latbits                                          (abs)        00001
___lmul                                             text27       00708
___lmul@multiplicand                                cstackBANK0  00024
___lmul@multiplier                                  cstackBANK0  00020
___lmul@product                                     cstackBANK0  00028
___sp                                               stack        00000
___stack_hi                                         stack        00000
___stack_lo                                         stack        00000
___stackhi                                          (abs)        00000
___stacklo                                          (abs)        00000
__end_of_ADC2Amp                                    text26       00530
__end_of_ADC2Celsius                                text18       0041D
__end_of_ADC2dBm                                    text25       00628
__end_of_ADC_DefaultInterruptHandler                text87       00CE9
__end_of_ADC_GetConversionResult                    text24       00D5D
__end_of_ADC_ISR                                    text86       00E18
__end_of_ADC_Initialize                             text12       00E71
__end_of_ADC_IsConversionDone                       text23       00D99
__end_of_ADC_SelectChannel                          text22       00DE5
__end_of_ADC_SetInterruptHandler                    text13       00D63
__end_of_ADC_StartConversion                        text21       00D05
__end_of_CLOCK_Initialize                           text11       00DB8
__end_of_EUSART_DefaultFramingErrorCallback         text52       00004
__end_of_EUSART_DefaultOverrunErrorCallback         text51       00D29
__end_of_EUSART_FramingErrorCallbackRegister        text10       00DCE
__end_of_EUSART_Initialize                          text8        00ED6
__end_of_EUSART_IsRxReady                           text53       00D40
__end_of_EUSART_IsTxReady                           text49       00E27
__end_of_EUSART_OverrunErrorCallbackRegister        text9        00DFD
__end_of_EUSART_Read                                text50       00FD4
__end_of_EUSART_Write                               text48       00D2D
__end_of_I2C1_AckSend                               text78       00D11
__end_of_I2C1_BusReset                              text84       00D09
__end_of_I2C1_CallbackRegister                      text7        00E09
__end_of_I2C1_Close                                 text80       00E4A
__end_of_I2C1_DataReceive                           text77       00CF6
__end_of_I2C1_DataTransmit                          text72       00D36
__end_of_I2C1_DefaultCallback                       text85       00CEA
__end_of_I2C1_ERROR_ISR                             text60       00D21
__end_of_I2C1_EVENT_ERROR                           text64       00D51
__end_of_I2C1_EVENT_IDLE                            text69       00D1D
__end_of_I2C1_EVENT_NACK                            text65       00D4B
__end_of_I2C1_EVENT_RESET                           text62       00D7D
__end_of_I2C1_EVENT_RX                              text66       0069C
__end_of_I2C1_EVENT_SEND_RD_ADDR                    text68       00DA8
__end_of_I2C1_EVENT_SEND_WR_ADDR                    text67       00D76
__end_of_I2C1_EVENT_STOP                            text63       00DB0
__end_of_I2C1_EVENT_TX                              text70       01000
__end_of_I2C1_ErrorEventHandler                     text61       00F39
__end_of_I2C1_ErrorInterruptClear                   text83       00CED
__end_of_I2C1_EventHandler                          text56       004F0
__end_of_I2C1_ISR                                   text55       00D25
__end_of_I2C1_Initialize                            text5        00E87
__end_of_I2C1_InterruptClear                        text82       00CF0
__end_of_I2C1_InterruptsEnable                      text6        00D31
__end_of_I2C1_IsAddr                                text59       00D84
__end_of_I2C1_IsBusy                                text43       00E37
__end_of_I2C1_IsData                                text58       00D3B
__end_of_I2C1_IsNack                                text57       00D57
__end_of_I2C1_IsRxBufFull                           text76       00D15
__end_of_I2C1_NackSend                              text75       00D19
__end_of_I2C1_Read                                  text35       00F16
__end_of_I2C1_ReadStart                             text36       00D92
__end_of_I2C1_ReceiveEnable                         text74       00CF9
__end_of_I2C1_RestartDisable                        text73       00CFC
__end_of_I2C1_RestartEnable                         text71       00CFF
__end_of_I2C1_StartSend                             text42       00D02
__end_of_I2C1_StatusFlagsClear                      text81       00D0D
__end_of_I2C1_StopSend                              text79       00CF3
__end_of_I2C1_Write                                 text40       00EF4
__end_of_I2C1_WriteStart                            text41       00D8B
__end_of_I2C_Host                                   stringtext2  0080F
__end_of_INTERRUPT_Initialize                       text3        00DD9
__end_of_INTERRUPT_InterruptManager                 intentry     00036
__end_of_INT_SetInterruptHandler                    text4        00D45
__end_of_KAPS_GoToIdx                               text39       00F84
__end_of_KAPS_StorePos                              text37       00570
__end_of_KAPS_getIndex                              text34       007FB
__end_of_KAPS_getPos                                text32       005AE
__end_of_KAPS_getStatus                             text31       007CD
__end_of_KAPS_setAbsPos                             text30       0076F
__end_of_KAPS_setRelPos                             text29       00FAA
__end_of_PIN_MANAGER_Initialize                     text2        00468
__end_of_Parse                                      text44       00260
__end_of_ProcessMsg                                 text14       001AC
__end_of_SSPA_getPOut                               text19       0037A
__end_of_SSPA_getTemp                               text17       005EB
__end_of_SSPA_setMute                               text16       00663
__end_of_SYSTEM_Initialize                          text1        00E5D
__end_of_SendMsg                                    text46       00708
__end_of_SendNack                                   text45       00DC3
__end_of_SendSync                                   text47       00EB9
__end_of_UART                                       stringtext1  0079F
__end_of___aldiv                                    text28       002F0
__end_of___lmul                                     text27       0073C
__end_of__initialization                            cinit        00064
__end_of_getADCValue                                text20       006D3
__end_of_i2c1_eventTable                            stringtext3  00821
__end_of_main                                       maintext     00F5E
__end_of_packLong                                   text33       003D1
__end_of_unpackLong                                 text38       004AD
__end_of_unpackWord                                 text15       00DF1
__initialization                                    cinit        00038
__pbssBANK0                                         bssBANK0     00052
__pbssBANK1                                         bssBANK1     000B8
__pbssCOMMON                                        bssCOMMON    00076
__pcstackBANK0                                      cstackBANK0  00020
__pcstackCOMMON                                     cstackCOMMON 00070
__pdataBANK0                                        dataBANK0    00066
__pdataBANK1                                        dataBANK1    000A0
__pidataBANK0                                       idataBANK0   00D99
__pidataBANK1                                       idataBANK1   00E87
__pintentry                                         intentry     00004
__pmaintext                                         maintext     00F39
__pnvBANK1                                          nvBANK1      000CD
__pstringtext1                                      stringtext1  0076F
__pstringtext2                                      stringtext2  007FB
__pstringtext3                                      stringtext3  0080F
__ptext1                                            text1        00E4A
__ptext10                                           text10       00DC3
__ptext11                                           text11       00DB0
__ptext12                                           text12       00E5D
__ptext13                                           text13       00D5D
__ptext14                                           text14       00068
__ptext15                                           text15       00DE5
__ptext16                                           text16       00628
__ptext17                                           text17       005AE
__ptext18                                           text18       003D1
__ptext19                                           text19       002F0
__ptext2                                            text2        0041D
__ptext20                                           text20       0069C
__ptext21                                           text21       00D02
__ptext22                                           text22       00DD9
__ptext23                                           text23       00D92
__ptext24                                           text24       00D57
__ptext25                                           text25       005EB
__ptext26                                           text26       004F0
__ptext27                                           text27       00708
__ptext28                                           text28       00260
__ptext29                                           text29       00F84
__ptext3                                            text3        00DCE
__ptext30                                           text30       0073C
__ptext31                                           text31       0079F
__ptext32                                           text32       00570
__ptext33                                           text33       0037A
__ptext34                                           text34       007CD
__ptext35                                           text35       00EF4
__ptext36                                           text36       00D8B
__ptext37                                           text37       00530
__ptext38                                           text38       00468
__ptext39                                           text39       00F5E
__ptext4                                            text4        00D40
__ptext40                                           text40       00ED6
__ptext41                                           text41       00D84
__ptext42                                           text42       00CFF
__ptext43                                           text43       00E27
__ptext44                                           text44       001AC
__ptext45                                           text45       00DB8
__ptext46                                           text46       006D3
__ptext47                                           text47       00E9F
__ptext48                                           text48       00D29
__ptext49                                           text49       00E18
__ptext5                                            text5        00E71
__ptext50                                           text50       00FAA
__ptext51                                           text51       00D25
__ptext52                                           text52       00003
__ptext53                                           text53       00D3B
__ptext55                                           text55       00D21
__ptext56                                           text56       004AD
__ptext57                                           text57       00D51
__ptext58                                           text58       00D36
__ptext59                                           text59       00D7D
__ptext6                                            text6        00D2D
__ptext60                                           text60       00D1D
__ptext61                                           text61       00F16
__ptext62                                           text62       00D76
__ptext63                                           text63       00DA8
__ptext64                                           text64       00D4B
__ptext65                                           text65       00D45
__ptext66                                           text66       00663
__ptext67                                           text67       00D6F
__ptext68                                           text68       00DA0
__ptext69                                           text69       00D19
__ptext7                                            text7        00DFD
__ptext70                                           text70       00FD4
__ptext71                                           text71       00CFC
__ptext72                                           text72       00D31
__ptext73                                           text73       00CF9
__ptext74                                           text74       00CF6
__ptext75                                           text75       00D15
__ptext76                                           text76       00D11
__ptext77                                           text77       00CF3
__ptext78                                           text78       00D0D
__ptext79                                           text79       00CF0
__ptext8                                            text8        00EB9
__ptext80                                           text80       00E37
__ptext81                                           text81       00D09
__ptext82                                           text82       00CED
__ptext83                                           text83       00CEA
__ptext84                                           text84       00D05
__ptext85                                           text85       00CE9
__ptext86                                           text86       00E09
__ptext87                                           text87       00CE8
__ptext9                                            text9        00DF1
_eusartRxLastError                                  bssBANK1     000BE
_getADCValue                                        text20       0069C
_i2c1Status                                         bssBANK0     00052
_i2c1_eventTable                                    stringtext3  0080F
_kaps                                               dataBANK0    00066
_main                                               maintext     00F39
_packLong                                           text33       0037A
_parser                                             bssBANK0     0005E
_parserDataBuffer                                   bssBANK1     000C8
_sspas                                              dataBANK1    000A0
_unpackLong                                         text38       00468
_unpackWord                                         text15       00DE5
btemp                                               (abs)        0007E
clear_ram0                                          clrtext      00D63
end_of_initialization                               cinit        00064
getADCValue@channel                                 cstackBANK0  00024
getADCValue@i                                       cstackBANK0  00027
getADCValue@sum                                     cstackBANK0  00025
init_ram                                            inittext     00D69
int$flags                                           (abs)        0007E
intlevel0                                           functab      00000
intlevel1                                           functab      00000
intlevel2                                           functab      00000
intlevel3                                           functab      00000
intlevel4                                           functab      00000
intlevel5                                           functab      00000
main@data                                           cstackBANK0  00051
packLong@data                                       cstackBANK0  0002C
packLong@result                                     cstackBANK0  00028
reset_vec                                           reset_vec    00000
start                                               init         00036
start_initialization                                cinit        00038
unpackLong@data                                     cstackBANK0  00024
unpackLong@value                                    cstackBANK0  00020
unpackWord@data                                     cstackBANK0  00022
unpackWord@value                                    cstackBANK0  00020
wtemp0                                              (abs)        0007E


MODULE INFORMATION

Module		Function		Class		Link	Load	Size
parser.c
		_SendSync      		CODE           	0E9F	0000	26
		_SendMsg       		CODE           	06D3	0000	53
		_Parse         		CODE           	01AC	0000	180
		_SendNack      		CODE           	0DB8	0000	11

parser.c estimated size: 270

C:\Program Files\Microchip\xc8\v2.46\pic\sources\c99\common\aldiv.c
		___aldiv       		CODE           	0260	0000	144

C:\Program Files\Microchip\xc8\v2.46\pic\sources\c99\common\aldiv.c estimated size: 144

mcc_generated_files/system/src/interrupt.c
		_INT_SetInterruptHandler		CODE           	0D40	0000	5
		_INTERRUPT_Initialize		CODE           	0DCE	0000	11
		_INTERRUPT_InterruptManager		CODE           	0004	0000	50

mcc_generated_files/system/src/interrupt.c estimated size: 66

mcc_generated_files/adc/src/adc.c
		_ADC_DefaultInterruptHandler		CODE           	0CE8	0000	1
		_ADC_Initialize		CODE           	0E5D	0000	20
		_ADC_IsConversionDone		CODE           	0D92	0000	7
		_ADC_SetInterruptHandler		CODE           	0D5D	0000	6
		_ADC_GetConversionResult		CODE           	0D57	0000	6
		_ADC_StartConversion		CODE           	0D02	0000	3
		_ADC_ISR       		CODE           	0E09	0000	15
		_ADC_SelectChannel		CODE           	0DD9	0000	12

mcc_generated_files/adc/src/adc.c estimated size: 70

mcc_generated_files/system/src/pins.c
		_PIN_MANAGER_Initialize		CODE           	041D	0000	75

mcc_generated_files/system/src/pins.c estimated size: 75

shared
		_UART          		STRCODE        	0000	0000	0
		__initialization		CODE           	0038	0000	44
		_i2c1_eventTable		STRCODE        	080F	0000	18
		_I2C_Host      		STRCODE        	0000	0000	0

shared estimated size: 62

sspa.c
		_ADC2Celsius   		CODE           	03D1	0000	76
		_SSPA_getTemp  		CODE           	05AE	0000	61
		_SSPA_getPOut  		CODE           	02F0	0000	138
		_ADC2Amp       		CODE           	04F0	0000	64
		_SSPA_setMute  		CODE           	0628	0000	59
		_ADC2dBm       		CODE           	05EB	0000	61
		_getADCValue   		CODE           	069C	0000	55

sspa.c estimated size: 514

utils.c
		_unpackWord    		CODE           	0DE5	0000	12
		_packLong      		CODE           	037A	0000	87
		_unpackLong    		CODE           	0468	0000	69

utils.c estimated size: 168

mcc_generated_files/uart/src/eusart.c
		_EUSART_FramingErrorCallbackRegister		CODE           	0DC3	0000	11
		_EUSART_OverrunErrorCallbackRegister		CODE           	0DF1	0000	12
		_EUSART_Read   		CODE           	0FAA	0000	42
		_EUSART_Write  		CODE           	0D29	0000	4
		_EUSART_DefaultOverrunErrorCallback		CODE           	0D25	0000	4
		_EUSART_IsRxReady		CODE           	0D3B	0000	5
		_EUSART_IsTxReady		CODE           	0E18	0000	15
		_EUSART_Initialize		CODE           	0EB9	0000	29
		_EUSART_DefaultFramingErrorCallback		CODE           	0003	0000	1

mcc_generated_files/uart/src/eusart.c estimated size: 123

mcc_generated_files/system/src/clock.c
		_CLOCK_Initialize		CODE           	0DB0	0000	8

mcc_generated_files/system/src/clock.c estimated size: 8

mcc_generated_files/i2c_host/src/mssp.c
		_I2C1_EVENT_SEND_WR_ADDR		CODE           	0D6F	0000	7
		_I2C1_Read     		CODE           	0EF4	0000	34
		_I2C1_NackSend 		CODE           	0D15	0000	4
		_I2C1_ErrorEventHandler		CODE           	0F16	0000	35
		_I2C1_CallbackRegister		CODE           	0DFD	0000	12
		_I2C1_EVENT_RESET		CODE           	0D76	0000	7
		_I2C1_EVENT_ERROR		CODE           	0D4B	0000	6
		_I2C1_ErrorInterruptClear		CODE           	0CEA	0000	3
		_I2C1_StatusFlagsClear		CODE           	0D09	0000	4
		_I2C1_InterruptsEnable		CODE           	0D2D	0000	4
		_I2C1_InterruptClear		CODE           	0CED	0000	3
		_I2C1_WriteStart		CODE           	0D84	0000	7
		_I2C1_ReadStart		CODE           	0D8B	0000	7
		_I2C1_EVENT_RX 		CODE           	0663	0000	57
		_I2C1_EVENT_TX 		CODE           	0FD4	0000	44
		_I2C1_ReceiveEnable		CODE           	0CF6	0000	3
		_I2C1_RestartEnable		CODE           	0CFC	0000	3
		_I2C1_ISR      		CODE           	0D21	0000	4
		_I2C1_EventHandler		CODE           	04AD	0000	67
		_I2C1_DataReceive		CODE           	0CF3	0000	3
		_I2C1_IsData   		CODE           	0D36	0000	5
		_I2C1_IsNack   		CODE           	0D51	0000	6
		_I2C1_IsAddr   		CODE           	0D7D	0000	7
		_I2C1_IsBusy   		CODE           	0E27	0000	16
		_I2C1_EVENT_IDLE		CODE           	0D19	0000	4
		_I2C1_EVENT_NACK		CODE           	0D45	0000	6
		_I2C1_EVENT_SEND_RD_ADDR		CODE           	0DA0	0000	8
		_I2C1_EVENT_STOP		CODE           	0DA8	0000	8
		_I2C1_BusReset 		CODE           	0D05	0000	4
		_I2C1_Initialize		CODE           	0E71	0000	22
		_I2C1_Close    		CODE           	0E37	0000	19
		_I2C1_ERROR_ISR		CODE           	0D1D	0000	4
		_I2C1_IsRxBufFull		CODE           	0D11	0000	4
		_I2C1_Write    		CODE           	0ED6	0000	30
		_I2C1_StopSend 		CODE           	0CF0	0000	3
		_I2C1_RestartDisable		CODE           	0CF9	0000	3
		_I2C1_DataTransmit		CODE           	0D31	0000	5
		_I2C1_AckSend  		CODE           	0D0D	0000	4
		_I2C1_DefaultCallback		CODE           	0CE9	0000	1
		_I2C1_StartSend		CODE           	0CFF	0000	3

mcc_generated_files/i2c_host/src/mssp.c estimated size: 476

kaps.c
		_KAPS_GoToIdx  		CODE           	0F5E	0000	38
		_KAPS_getPos   		CODE           	0570	0000	62
		_KAPS_getIndex 		CODE           	07CD	0000	46
		_KAPS_getStatus		CODE           	079F	0000	46
		_KAPS_setRelPos		CODE           	0F84	0000	38
		_KAPS_setAbsPos		CODE           	073C	0000	51
		_KAPS_StorePos 		CODE           	0530	0000	64

kaps.c estimated size: 345

main.c
		_main          		CODE           	0F39	0000	37
		_ProcessMsg    		CODE           	0068	0000	324

main.c estimated size: 361

C:\Program Files\Microchip\xc8\v2.46\pic\sources\c99\common\Umul32.c
		___lmul        		CODE           	0708	0000	52

C:\Program Files\Microchip\xc8\v2.46\pic\sources\c99\common\Umul32.c estimated size: 52

mcc_generated_files/system/src/system.c
		_SYSTEM_Initialize		CODE           	0E4A	0000	19

mcc_generated_files/system/src/system.c estimated size: 19

