Microchip MPLAB XC8 Compiler V2.46

Linker command line:

-W-3 \
  --edf=C:\Program Files\Microchip\xc8\v2.46\pic\dat\20240104201356_en.msgs \
  -cn -h+dist/default/production\i2c_MASTER.X.production.sym \
  --cmf=dist/default/production\i2c_MASTER.X.production.cmf -z -Q16F1618 \
  -oC:\Users\MAB0B~1.SAN\AppData\Local\Temp\xcAs15kk.\driver_tmp_3.o \
  --defsym=__MPLAB_BUILD=1 --fixupoverflow=error \
  -Mdist/default/production/i2c_MASTER.X.production.map \
  --md=C:\Users\MAB0B~1.SAN\AppData\Local\Temp\xcAs15kk.\driver_tmp_0.dat \
  -E1 -ver=XC8 Compiler --acfsm=1493 -ACODE=00h-07FFhx2 -ASTRCODE=00h-0FFFh \
  -ASTRING=00h-0FFhx16 -ACONST=00h-0FFhx16 -AENTRY=00h-0FFhx16 \
  -ACOMMON=070h-07Fh -ABANK0=020h-06Fh -ABANK1=0A0h-0EFh \
  -ABANK2=0120h-016Fh -ABANK3=01A0h-01EFh -ABANK4=0220h-026Fh \
  -ABANK5=02A0h-02EFh -ABANK6=0320h-032Fh -ABIGRAM=02000h-021EFh \
  -ARAM=020h-06Fh,0A0h-0EFh,0120h-016Fh,01A0h-01EFh,0220h-026Fh,02A0h-02EFh,0320h-032Fh \
  -AABS1=020h-07Fh,0A0h-0EFh,0120h-016Fh,01A0h-01EFh,0220h-026Fh,02A0h-02EFh,0320h-032Fh \
  -ASFR0=00h-01Fh -ASFR1=080h-09Fh -ASFR2=0100h-011Fh -ASFR3=0180h-019Fh \
  -ASFR4=0200h-021Fh -ASFR5=0280h-029Fh -ASFR6=0300h-031Fh \
  -ASFR7=0380h-03EFh -ASFR8=0400h-046Fh -ASFR9=0480h-04EFh \
  -ASFR10=0500h-056Fh -ASFR11=0580h-05EFh -ASFR12=0600h-066Fh \
  -ASFR13=0680h-06EFh -ASFR14=0700h-076Fh -ASFR15=0780h-07EFh \
  -ASFR16=0800h-086Fh -ASFR17=0880h-08EFh -ASFR18=0900h-096Fh \
  -ASFR19=0980h-09EFh -ASFR20=0A00h-0A6Fh -ASFR21=0A80h-0AEFh \
  -ASFR22=0B00h-0B6Fh -ASFR23=0B80h-0BEFh -ASFR24=0C00h-0C6Fh \
  -ASFR25=0C80h-0CEFh -ASFR26=0D00h-0D6Fh -ASFR27=0D80h-0DEFh \
  -ASFR28=0E00h-0E6Fh -ASFR29=0E80h-0EEFh -ASFR30=0F00h-0F6Fh \
  -ASFR31=0F80h-0FEFh -ACONFIG=08007h-08009h -DCONFIG=2 \
  -AIDLOC=08000h-08003h -DIDLOC=2 -DCODE=2 -DSTRCODE=2 -DSTRING=2 -DCONST=2 \
  -DENTRY=2 -preset_vec=00h,intentry=04h,sivt,init,end_init -ppowerup=CODE \
  -pcinit=CODE -pfunctab=ENTRY -k \
  C:\Users\MAB0B~1.SAN\AppData\Local\Temp\xcAs15kk.\driver_tmp_12.o \
  dist/default/production\i2c_MASTER.X.production.o 

Object code version is 3.11

Machine type is 16F1618



                Name                               Link     Load   Length Selector   Space Scale
C:\Users\MAB0B~1.SAN\AppData\Local\Temp\xcAs15kk.\driver_tmp_12.o
                end_init                             36       36        2        8       0
                reset_vec                             0        0        2        0       0
                config                             8007     8007        3        0       4
dist/default/production\i2c_MASTER.X.production.o
                cinit                                38       38       30        8       0
                intentry                              4        4       32        8       0
                config                             8007     8007        3        0       4
                text87                              CE3      CE3        1     19C6       0
                text86                              E03      E03        E     1C06       0
                text85                                2        2        1        0       0
                text84                              CFF      CFF        4     19FE       0
                text83                              CE4      CE4        3     19C8       0
                text82                              CE7      CE7        3     19CE       0
                text81                              D03      D03        4     1A06       0
                text80                              E41      E41       13     1C82       0
                text79                              CEA      CEA        3     19D4       0
                text78                              D07      D07        4     1A0E       0
                text77                              CED      CED        3     19DA       0
                text76                              D0B      D0B        4     1A16       0
                text75                              D0F      D0F        4     1A1E       0
                text74                              CF0      CF0        3     19E0       0
                text73                              CF3      CF3        3     19E6       0
                text72                              D2B      D2B        5     1A56       0
                text71                              CF6      CF6        3     19EC       0
                text70                              FA6      FA6       2C     1F4C       0
                text69                              D13      D13        4     1A26       0
                text68                              D9A      D9A        8     1B34       0
                text67                              D69      D69        7     1AD2       0
                text66                              6DE      6DE       39        8       0
                text65                              D3F      D3F        6     1A7E       0
                text64                              D45      D45        6     1A8A       0
                text63                              DA2      DA2        8     1B44       0
                text62                              D70      D70        7     1AE0       0
                text61                              EE4      EE4       22     1DC8       0
                text60                              D17      D17        4     1A2E       0
                text59                              D77      D77        7     1AEE       0
                text58                              D30      D30        5     1A60       0
                text57                              D4B      D4B        6     1A96       0
                text56                              4B1      4B1       43        8       0
                text55                              D1B      D1B        4     1A36       0
                text53                              D35      D35        5     1A6A       0
                text52                                3        3        1        6       0
                text51                              D1F      D1F        4     1A3E       0
                text50                              F7C      F7C       2A     1EF8       0
                text49                              E11      E11        F     1C22       0
                text48                              D23      D23        4     1A46       0
                text47                              E30      E30       11     1C60       0
                text46                              62C      62C       3C        8       0
                text45                              DB2      DB2        B     1B64       0
                text44                              1AC      1AC       B8        8       0
                text43                              E20      E20       10     1C40       0
                text42                              CF9      CF9        3     19F2       0
                text41                              D7E      D7E        7     1AFC       0
                text40                              EC6      EC6       1E     1D8C       0
                text39                              F06      F06       26     1E0C       0
                text38                              46C      46C       45        8       0
                text37                              534      534       40        8       0
                text36                              D85      D85        7     1B0A       0
                text35                              7DC      7DC       22      F5C       0
                text34                              FD2      FD2       2E     1FA4       0
                text33                              37E      37E       57        8       0
                text32                              574      574       3E        8       0
                text31                              7AE      7AE       2E      F5C       0
                text30                              74B      74B       33        8       0
                text29                              F2C      F2C       28     1E58       0
                text28                              264      264       90        8       0
                text27                              717      717       34        8       0
                text26                              4F4      4F4       40        8       0
                text25                              5EF      5EF       3D        8       0
                text24                              D51      D51        6     1AA2       0
                text23                              D8C      D8C        7     1B18       0
                text22                              DD3      DD3        C     1BA6       0
                text21                              CFC      CFC        3     19F8       0
                text20                              6A3      6A3       3B        8       0
                text19                              2F4      2F4       8A        8       0
                text18                              3D5      3D5       4C        8       0
                text17                              5B2      5B2       3D        8       0
                text16                              668      668       3B        8       0
                text15                              DDF      DDF        C     1BBE       0
                text14                               68       68      144        8       0
                text13                              D57      D57        6     1AAE       0
                text12                              E67      E67       14     1CCE       0
                text11                              DAA      DAA        8     1B54       0
                text10                              DBD      DBD        B     1B7A       0
                text9                               DEB      DEB        C     1BD6       0
                text8                               EA9      EA9       1D     1D52       0
                text7                               DF7      DF7        C     1BEE       0
                text6                               D27      D27        4     1A4E       0
                text5                               E7B      E7B       16     1CF6       0
                text4                               D3A      D3A        5     1A74       0
                text3                               DC8      DC8        B     1B90       0
                text2                               421      421       4B        8       0
                text1                               E54      E54       13     1CA8       0
                maintext                            F54      F54       28     1EA8       0
                cstackBANK0                          20       20       32       20       1
                cstackCOMMON                         70       70        6       70       1
                clrtext                             D5D      D5D        6     1ABA       0
                inittext                            D63      D63        6     1AC6       0
                dataBANK1                            A0       A0       18       A0       1
                bssBANK1                             B8       B8       17       A0       1
                dataBANK0                            64       64        7       20       1
                bssBANK0                             52       52       12       20       1
                bssCOMMON                            76       76        4       70       1
                nvBANK0                              6B       6B        2       20       1
                stringtext3                         812      812       12      FFC       0
                stringtext2                         7FE      7FE       14      FFC       0
                stringtext1                         77E      77E       30      EFC       0
                idataBANK1                          E91      E91       18     1D22       0
                idataBANK0                          D93      D93        7     1B26       0

TOTAL           Name                               Link     Load   Length     Space
        CLASS   CODE           
                end_init                             36       36        2         0
                cinit                                38       38       30         0
                intentry                              4        4       32         0
                reset_vec                             0        0        2         0
                text87                              CE3      CE3        1         0
                text86                              E03      E03        E         0
                text85                                2        2        1         0
                text84                              CFF      CFF        4         0
                text83                              CE4      CE4        3         0
                text82                              CE7      CE7        3         0
                text81                              D03      D03        4         0
                text80                              E41      E41       13         0
                text79                              CEA      CEA        3         0
                text78                              D07      D07        4         0
                text77                              CED      CED        3         0
                text76                              D0B      D0B        4         0
                text75                              D0F      D0F        4         0
                text74                              CF0      CF0        3         0
                text73                              CF3      CF3        3         0
                text72                              D2B      D2B        5         0
                text71                              CF6      CF6        3         0
                text70                              FA6      FA6       2C         0
                text69                              D13      D13        4         0
                text68                              D9A      D9A        8         0
                text67                              D69      D69        7         0
                text66                              6DE      6DE       39         0
                text65                              D3F      D3F        6         0
                text64                              D45      D45        6         0
                text63                              DA2      DA2        8         0
                text62                              D70      D70        7         0
                text61                              EE4      EE4       22         0
                text60                              D17      D17        4         0
                text59                              D77      D77        7         0
                text58                              D30      D30        5         0
                text57                              D4B      D4B        6         0
                text56                              4B1      4B1       43         0
                text55                              D1B      D1B        4         0
                text53                              D35      D35        5         0
                text52                                3        3        1         0
                text51                              D1F      D1F        4         0
                text50                              F7C      F7C       2A         0
                text49                              E11      E11        F         0
                text48                              D23      D23        4         0
                text47                              E30      E30       11         0
                text46                              62C      62C       3C         0
                text45                              DB2      DB2        B         0
                text44                              1AC      1AC       B8         0
                text43                              E20      E20       10         0
                text42                              CF9      CF9        3         0
                text41                              D7E      D7E        7         0
                text40                              EC6      EC6       1E         0
                text39                              F06      F06       26         0
                text38                              46C      46C       45         0
                text37                              534      534       40         0
                text36                              D85      D85        7         0
                text35                              7DC      7DC       22         0
                text34                              FD2      FD2       2E         0
                text33                              37E      37E       57         0
                text32                              574      574       3E         0
                text31                              7AE      7AE       2E         0
                text30                              74B      74B       33         0
                text29                              F2C      F2C       28         0
                text28                              264      264       90         0
                text27                              717      717       34         0
                text26                              4F4      4F4       40         0
                text25                              5EF      5EF       3D         0
                text24                              D51      D51        6         0
                text23                              D8C      D8C        7         0
                text22                              DD3      DD3        C         0
                text21                              CFC      CFC        3         0
                text20                              6A3      6A3       3B         0
                text19                              2F4      2F4       8A         0
                text18                              3D5      3D5       4C         0
                text17                              5B2      5B2       3D         0
                text16                              668      668       3B         0
                text15                              DDF      DDF        C         0
                text14                               68       68      144         0
                text13                              D57      D57        6         0
                text12                              E67      E67       14         0
                text11                              DAA      DAA        8         0
                text10                              DBD      DBD        B         0
                text9                               DEB      DEB        C         0
                text8                               EA9      EA9       1D         0
                text7                               DF7      DF7        C         0
                text6                               D27      D27        4         0
                text5                               E7B      E7B       16         0
                text4                               D3A      D3A        5         0
                text3                               DC8      DC8        B         0
                text2                               421      421       4B         0
                text1                               E54      E54       13         0
                maintext                            F54      F54       28         0
                clrtext                             D5D      D5D        6         0
                inittext                            D63      D63        6         0
                idataBANK1                          E91      E91       18         0
                idataBANK0                          D93      D93        7         0

        CLASS   STRCODE        
                stringtext3                         812      812       12         0
                stringtext2                         7FE      7FE       14         0
                stringtext1                         77E      77E       30         0

        CLASS   STRING         

        CLASS   CONST          

        CLASS   ENTRY          

        CLASS   COMMON         
                cstackCOMMON                         70       70        6         1
                bssCOMMON                            76       76        4         1

        CLASS   BANK0          
                cstackBANK0                          20       20       32         1
                dataBANK0                            64       64        7         1
                bssBANK0                             52       52       12         1
                nvBANK0                              6B       6B        2         1

        CLASS   BANK1          
                dataBANK1                            A0       A0       18         1
                bssBANK1                             B8       B8       17         1

        CLASS   BANK2          

        CLASS   BANK3          

        CLASS   BANK4          

        CLASS   BANK5          

        CLASS   BANK6          

        CLASS   BIGRAM         

        CLASS   RAM            

        CLASS   ABS1           
                abs_s1                               7E       7E        2         1

        CLASS   SFR0           

        CLASS   SFR1           

        CLASS   SFR2           

        CLASS   SFR3           

        CLASS   SFR4           

        CLASS   SFR5           

        CLASS   SFR6           

        CLASS   SFR7           

        CLASS   SFR8           

        CLASS   SFR9           

        CLASS   SFR10          

        CLASS   SFR11          

        CLASS   SFR12          

        CLASS   SFR13          

        CLASS   SFR14          

        CLASS   SFR15          

        CLASS   SFR16          

        CLASS   SFR17          

        CLASS   SFR18          

        CLASS   SFR19          

        CLASS   SFR20          

        CLASS   SFR21          

        CLASS   SFR22          

        CLASS   SFR23          

        CLASS   SFR24          

        CLASS   SFR25          

        CLASS   SFR26          

        CLASS   SFR27          

        CLASS   SFR28          

        CLASS   SFR29          

        CLASS   SFR30          

        CLASS   SFR31          

        CLASS   CONFIG         
                config                             8007     8007        3         4

        CLASS   IDLOC          

        CLASS   BANK31         

        CLASS   BANK30         

        CLASS   BANK29         

        CLASS   BANK28         

        CLASS   BANK27         

        CLASS   BANK26         

        CLASS   BANK25         

        CLASS   BANK24         

        CLASS   BANK23         

        CLASS   BANK22         

        CLASS   BANK21         

        CLASS   BANK20         

        CLASS   BANK19         

        CLASS   BANK18         

        CLASS   BANK17         

        CLASS   BANK16         

        CLASS   BANK15         

        CLASS   BANK14         

        CLASS   BANK13         

        CLASS   BANK12         

        CLASS   BANK11         

        CLASS   BANK10         

        CLASS   BANK9          

        CLASS   BANK8          

        CLASS   BANK7          

        CLASS   HEAP           

        CLASS   STACK          

        CLASS   EEDATA         



SEGMENTS        Name                           Load    Length   Top    Selector   Space  Class     Delta

                reset_vec                      000000  000003  000003         0       0  CODE        2
                text52                         000003  000001  000004         6       0  CODE        2
                intentry                       000004  00077A  00077E         8       0  CODE        2
                cstackBANK0                    000020  00004D  00006D        20       1  BANK0       1
                cstackCOMMON                   000070  00000A  00007A        70       1  COMMON      1
                dataBANK1                      0000A0  00002F  0000CF        A0       1  BANK1       1
                stringtext1                    00077E  000030  0007AE       EFC       0  STRCODE     2
                text31                         0007AE  000050  0007FE       F5C       0  CODE        2
                stringtext2                    0007FE  000026  000824       FFC       0  STRCODE     2
                text87                         000CE3  000001  000CE4      19C6       0  CODE        2
                text83                         000CE4  000003  000CE7      19C8       0  CODE        2
                text82                         000CE7  000003  000CEA      19CE       0  CODE        2
                text79                         000CEA  000003  000CED      19D4       0  CODE        2
                text77                         000CED  000003  000CF0      19DA       0  CODE        2
                text74                         000CF0  000003  000CF3      19E0       0  CODE        2
                text73                         000CF3  000003  000CF6      19E6       0  CODE        2
                text71                         000CF6  000003  000CF9      19EC       0  CODE        2
                text42                         000CF9  000003  000CFC      19F2       0  CODE        2
                text21                         000CFC  000003  000CFF      19F8       0  CODE        2
                text84                         000CFF  000004  000D03      19FE       0  CODE        2
                text81                         000D03  000004  000D07      1A06       0  CODE        2
                text78                         000D07  000004  000D0B      1A0E       0  CODE        2
                text76                         000D0B  000004  000D0F      1A16       0  CODE        2
                text75                         000D0F  000004  000D13      1A1E       0  CODE        2
                text69                         000D13  000004  000D17      1A26       0  CODE        2
                text60                         000D17  000004  000D1B      1A2E       0  CODE        2
                text55                         000D1B  000004  000D1F      1A36       0  CODE        2
                text51                         000D1F  000004  000D23      1A3E       0  CODE        2
                text48                         000D23  000004  000D27      1A46       0  CODE        2
                text6                          000D27  000004  000D2B      1A4E       0  CODE        2
                text72                         000D2B  000005  000D30      1A56       0  CODE        2
                text58                         000D30  000005  000D35      1A60       0  CODE        2
                text53                         000D35  000005  000D3A      1A6A       0  CODE        2
                text4                          000D3A  000005  000D3F      1A74       0  CODE        2
                text65                         000D3F  000006  000D45      1A7E       0  CODE        2
                text64                         000D45  000006  000D4B      1A8A       0  CODE        2
                text57                         000D4B  000006  000D51      1A96       0  CODE        2
                text24                         000D51  000006  000D57      1AA2       0  CODE        2
                text13                         000D57  000006  000D5D      1AAE       0  CODE        2
                clrtext                        000D5D  000006  000D63      1ABA       0  CODE        2
                inittext                       000D63  000006  000D69      1AC6       0  CODE        2
                text67                         000D69  000007  000D70      1AD2       0  CODE        2
                text62                         000D70  000007  000D77      1AE0       0  CODE        2
                text59                         000D77  000007  000D7E      1AEE       0  CODE        2
                text41                         000D7E  000007  000D85      1AFC       0  CODE        2
                text36                         000D85  000007  000D8C      1B0A       0  CODE        2
                text23                         000D8C  000007  000D93      1B18       0  CODE        2
                idataBANK0                     000D93  000007  000D9A      1B26       0  CODE        2
                text68                         000D9A  000008  000DA2      1B34       0  CODE        2
                text63                         000DA2  000008  000DAA      1B44       0  CODE        2
                text11                         000DAA  000008  000DB2      1B54       0  CODE        2
                text45                         000DB2  00000B  000DBD      1B64       0  CODE        2
                text10                         000DBD  00000B  000DC8      1B7A       0  CODE        2
                text3                          000DC8  00000B  000DD3      1B90       0  CODE        2
                text22                         000DD3  00000C  000DDF      1BA6       0  CODE        2
                text15                         000DDF  00000C  000DEB      1BBE       0  CODE        2
                text9                          000DEB  00000C  000DF7      1BD6       0  CODE        2
                text7                          000DF7  00000C  000E03      1BEE       0  CODE        2
                text86                         000E03  00000E  000E11      1C06       0  CODE        2
                text49                         000E11  00000F  000E20      1C22       0  CODE        2
                text43                         000E20  000010  000E30      1C40       0  CODE        2
                text47                         000E30  000011  000E41      1C60       0  CODE        2
                text80                         000E41  000013  000E54      1C82       0  CODE        2
                text1                          000E54  000013  000E67      1CA8       0  CODE        2
                text12                         000E67  000014  000E7B      1CCE       0  CODE        2
                text5                          000E7B  000016  000E91      1CF6       0  CODE        2
                idataBANK1                     000E91  000018  000EA9      1D22       0  CODE        2
                text8                          000EA9  00001D  000EC6      1D52       0  CODE        2
                text40                         000EC6  00001E  000EE4      1D8C       0  CODE        2
                text61                         000EE4  000022  000F06      1DC8       0  CODE        2
                text39                         000F06  000026  000F2C      1E0C       0  CODE        2
                text29                         000F2C  000028  000F54      1E58       0  CODE        2
                maintext                       000F54  000028  000F7C      1EA8       0  CODE        2
                text50                         000F7C  00002A  000FA6      1EF8       0  CODE        2
                text70                         000FA6  00002C  000FD2      1F4C       0  CODE        2
                text34                         000FD2  00002E  001000      1FA4       0  CODE        2


UNUSED ADDRESS RANGES

        Name                Unused          Largest block    Delta
        BANK0            0006D-0006F               3           1
        BANK1            000CF-000EF              21           1
        BANK2            00120-0016F              50           1
        BANK3            001A0-001EF              50           1
        BANK4            00220-0026F              50           1
        BANK5            002A0-002EF              50           1
        BANK6            00320-0032F              10           1
        BIGRAM           02000-021EF             1F0           1
        CODE             00824-00CE2             4BF           2
        COMMON           0007A-0007D               4           1
        CONST            00824-00CE2             100           2
        ENTRY            00824-00CE2             100           2
        IDLOC            08000-08003               4           2
        RAM              0006D-0006F               3           1
                         000CF-000EF              21
                         00120-0016F              50
                         001A0-001EF              50
                         00220-0026F              50
                         002A0-002EF              50
                         00320-0032F              10
        SFR0             00000-0001F              20           1
        SFR1             00080-0009F              20           1
        SFR10            00500-0056F              70           1
        SFR11            00580-005EF              70           1
        SFR12            00600-0066F              70           1
        SFR13            00680-006EF              70           1
        SFR14            00700-0076F              70           1
        SFR15            00780-007EF              70           1
        SFR16            00800-0086F              70           1
        SFR17            00880-008EF              70           1
        SFR18            00900-0096F              70           1
        SFR19            00980-009EF              70           1
        SFR2             00100-0011F              20           1
        SFR20            00A00-00A6F              70           1
        SFR21            00A80-00AEF              70           1
        SFR22            00B00-00B6F              70           1
        SFR23            00B80-00BEF              70           1
        SFR24            00C00-00C6F              70           1
        SFR25            00C80-00CEF              70           1
        SFR26            00D00-00D6F              70           1
        SFR27            00D80-00DEF              70           1
        SFR28            00E00-00E6F              70           1
        SFR29            00E80-00EEF              70           1
        SFR3             00180-0019F              20           1
        SFR30            00F00-00F6F              70           1
        SFR31            00F80-00FEF              70           1
        SFR4             00200-0021F              20           1
        SFR5             00280-0029F              20           1
        SFR6             00300-0031F              20           1
        SFR7             00380-003EF              70           1
        SFR8             00400-0046F              70           1
        SFR9             00480-004EF              70           1
        STRCODE          00824-00CE2             4BF           2
        STRING           00824-00CE2             100           2

                                  Symbol Table

?_ADC2Amp                                           cstackBANK0  0003A
?_ADC2Celsius                                       cstackBANK0  0003A
?_ADC_GetConversionResult                           cstackCOMMON 00074
?___aldiv                                           cstackBANK0  0002C
?___lmul                                            cstackBANK0  00020
?_getADCValue                                       cstackBANK0  00020
?_packLong                                          cstackBANK0  00020
ADC2Amp@result                                      cstackBANK0  00042
ADC2Amp@v                                           cstackBANK0  0003A
ADC2Amp@value                                       cstackBANK0  0003E
ADC2Celsius@result                                  cstackBANK0  00044
ADC2Celsius@v                                       cstackBANK0  0003A
ADC2Celsius@value                                   cstackBANK0  00040
ADC2dBm@result                                      cstackBANK0  00040
ADC2dBm@v                                           cstackBANK0  0003A
ADC2dBm@value                                       cstackBANK0  0003C
ADC_SelectChannel@channel                           cstackCOMMON 00075
ADC_SetInterruptHandler@InterruptHandler            cstackCOMMON 00074
EUSART_FramingErrorCallbackRegister@callbackHandler cstackCOMMON 00074
EUSART_OverrunErrorCallbackRegister@callbackHandler cstackCOMMON 00074
EUSART_Write@txData                                 cstackCOMMON 00074
I2C1_CallbackRegister@callbackHandler               cstackCOMMON 00074
I2C1_DataTransmit@data                              cstackCOMMON 00070
I2C1_EVENT_ERROR@retEventState                      cstackCOMMON 00070
I2C1_EVENT_NACK@retEventState                       cstackCOMMON 00070
I2C1_EVENT_RX@retEventState                         cstackCOMMON 00071
I2C1_EVENT_TX@retEventState                         cstackCOMMON 00071
I2C1_Read@address                                   cstackBANK0  00020
I2C1_Read@data                                      cstackBANK0  00022
I2C1_Read@dataLength                                cstackBANK0  00023
I2C1_Read@retStatus                                 cstackCOMMON 00075
I2C1_Write@address                                  cstackBANK0  00020
I2C1_Write@data                                     cstackBANK0  00022
I2C1_Write@dataLength                               cstackBANK0  00023
INT_SetInterruptHandler@InterruptHandler            cstackCOMMON 00074
KAPS_GoToIdx@idx                                    cstackBANK0  00027
KAPS_GoToIdx@reg                                    cstackBANK0  00028
KAPS_StorePos@data                                  cstackBANK0  00033
KAPS_StorePos@idx                                   cstackBANK0  00038
KAPS_StorePos@pos                                   cstackBANK0  0002D
KAPS_StorePos@reg                                   cstackBANK0  00037
KAPS_getIndex@data                                  cstackBANK0  00028
KAPS_getIndex@reg                                   cstackBANK0  00027
KAPS_getPos@data                                    cstackBANK0  0002F
KAPS_getPos@reg                                     cstackBANK0  00033
KAPS_getStatus@data                                 cstackBANK0  00028
KAPS_getStatus@reg                                  cstackBANK0  00027
KAPS_setAbsPos@data                                 cstackBANK0  00033
KAPS_setAbsPos@pos                                  cstackBANK0  0002D
KAPS_setAbsPos@reg                                  cstackBANK0  00037
KAPS_setRelPos@offset                               cstackBANK0  00027
KAPS_setRelPos@reg                                  cstackBANK0  00028
KAPS_setRelPos@value                                cstackBANK0  00029
Parse@data                                          cstackBANK0  00028
ProcessMsg@data                                     cstackBANK0  0004E
ProcessMsg@msg_id                                   cstackBANK0  00050
ProcessMsg@payload                                  bssBANK1     000C4
SSPA_getPOut@adc_value                              cstackBANK0  00048
SSPA_getPOut@band                                   cstackBANK0  0004A
SSPA_getTemp@adc_value                              cstackBANK0  0004A
SSPA_getTemp@band                                   cstackBANK0  0004D
SSPA_getTemp@channel                                cstackBANK0  0004C
SSPA_setMute@band                                   cstackCOMMON 00075
SSPA_setMute@mute                                   cstackCOMMON 00074
SendMsg@data                                        cstackBANK0  00020
SendMsg@data_len                                    cstackBANK0  00021
SendMsg@msg_id                                      cstackBANK0  00024
SendMsg@sum                                         cstackBANK0  00023
SendNack@error                                      cstackBANK0  00025
SendSync@data                                       cstackCOMMON 00075
_ADC2Amp                                            text26       004F4
_ADC2Celsius                                        text18       003D5
_ADC2dBm                                            text25       005EF
_ADCON0                                             (abs)        0009D
_ADCON0bits                                         (abs)        0009D
_ADCON1                                             (abs)        0009E
_ADCON2                                             (abs)        0009F
_ADC_DefaultInterruptHandler                        text87       00CE3
_ADC_GetConversionResult                            text24       00D51
_ADC_ISR                                            text86       00E03
_ADC_Initialize                                     text12       00E67
_ADC_InterruptHandler                               nvBANK0      0006B
_ADC_IsConversionDone                               text23       00D8C
_ADC_SelectChannel                                  text22       00DD3
_ADC_SetInterruptHandler                            text13       00D57
_ADC_StartConversion                                text21       00CFC
_ADRESH                                             (abs)        0009C
_ADRESL                                             (abs)        0009B
_ANSELA                                             (abs)        0018C
_ANSELB                                             (abs)        0018D
_ANSELC                                             (abs)        0018E
_BAUD1CON                                           (abs)        0019F
_BAUD1CONbits                                       (abs)        0019F
_BORCON                                             (abs)        00116
_CLOCK_Initialize                                   text11       00DAA
_EUSART_AutoBaudQuery                               (abs)        00000
_EUSART_AutoBaudSet                                 (abs)        00000
_EUSART_DefaultFramingErrorCallback                 text52       00003
_EUSART_DefaultOverrunErrorCallback                 text51       00D1F
_EUSART_Deinitialize                                (abs)        00000
_EUSART_ErrorGet                                    (abs)        00000
_EUSART_FramingErrorCallbackRegister                text10       00DBD
_EUSART_FramingErrorHandler                         bssCOMMON    00076
_EUSART_Initialize                                  text8        00EA9
_EUSART_IsRxReady                                   text53       00D35
_EUSART_IsTxDone                                    (abs)        00000
_EUSART_IsTxReady                                   text49       00E11
_EUSART_IsTxReady$1324                              cstackCOMMON 00074
_EUSART_OverrunErrorCallbackRegister                text9        00DEB
_EUSART_OverrunErrorHandler                         bssBANK0     0005E
_EUSART_Read                                        text50       00F7C
_EUSART_TransmitDisable                             (abs)        00000
_EUSART_TransmitEnable                              (abs)        00000
_EUSART_Write                                       text48       00D23
_I2C1_AckSend                                       text78       00D07
_I2C1_BusReset                                      text84       00CFF
_I2C1_Callback                                      bssBANK0     00062
_I2C1_CallbackRegister                              text7        00DF7
_I2C1_Close                                         text80       00E41
_I2C1_DataReceive                                   text77       00CED
_I2C1_DataTransmit                                  text72       00D2B
_I2C1_DefaultCallback                               text85       00002
_I2C1_Deinitialize                                  (abs)        00000
_I2C1_ERROR_ISR                                     text60       00D17
_I2C1_EVENT_ERROR                                   text64       00D45
_I2C1_EVENT_IDLE                                    text69       00D13
_I2C1_EVENT_NACK                                    text65       00D3F
_I2C1_EVENT_RESET                                   text62       00D70
_I2C1_EVENT_RX                                      text66       006DE
_I2C1_EVENT_SEND_RD_ADDR                            text68       00D9A
_I2C1_EVENT_SEND_WR_ADDR                            text67       00D69
_I2C1_EVENT_STOP                                    text63       00DA2
_I2C1_EVENT_TX                                      text70       00FA6
_I2C1_ErrorEventHandler                             text61       00EE4
_I2C1_ErrorGet                                      (abs)        00000
_I2C1_ErrorInterruptClear                           text83       00CE4
_I2C1_EventHandler                                  text56       004B1
_I2C1_ISR                                           text55       00D1B
_I2C1_Initialize                                    text5        00E7B
_I2C1_InterruptClear                                text82       00CE7
_I2C1_InterruptsEnable                              text6        00D27
_I2C1_IsAddr                                        text59       00D77
_I2C1_IsBusy                                        text43       00E20
_I2C1_IsBusy$646                                    cstackCOMMON 00074
_I2C1_IsData                                        text58       00D30
_I2C1_IsNack                                        text57       00D4B
_I2C1_IsRxBufFull                                   text76       00D0B
_I2C1_NackSend                                      text75       00D0F
_I2C1_Read                                          text35       007DC
_I2C1_ReadStart                                     text36       00D85
_I2C1_ReceiveEnable                                 text74       00CF0
_I2C1_RestartDisable                                text73       00CF3
_I2C1_RestartEnable                                 text71       00CF6
_I2C1_StartSend                                     text42       00CF9
_I2C1_StatusFlagsClear                              text81       00D03
_I2C1_StopSend                                      text79       00CEA
_I2C1_Write                                         text40       00EC6
_I2C1_WriteRead                                     (abs)        00000
_I2C1_WriteStart                                    text41       00D7E
_INLVLA                                             (abs)        0038C
_INLVLB                                             (abs)        0038D
_INLVLC                                             (abs)        0038E
_INTCONbits                                         (abs)        0000B
_INTERRUPT_Initialize                               text3        00DC8
_INTERRUPT_InterruptManager                         intentry     00004
_INT_DefaultInterruptHandler                        (abs)        00000
_INT_InterruptHandler                               bssCOMMON    00078
_INT_SetInterruptHandler                            text4        00D3A
_IOCAF                                              (abs)        00393
_IOCAN                                              (abs)        00392
_IOCAP                                              (abs)        00391
_IOCBF                                              (abs)        00396
_IOCBN                                              (abs)        00395
_IOCBP                                              (abs)        00394
_IOCCF                                              (abs)        00399
_IOCCN                                              (abs)        00398
_IOCCP                                              (abs)        00397
_KAPS_GoToIdx                                       text39       00F06
_KAPS_StorePos                                      text37       00534
_KAPS_getIndex                                      text34       00FD2
_KAPS_getPos                                        text32       00574
_KAPS_getStatus                                     text31       007AE
_KAPS_setAbsPos                                     text30       0074B
_KAPS_setRelPos                                     text29       00F2C
_LATA                                               (abs)        0010C
_LATB                                               (abs)        0010D
_LATC                                               (abs)        0010E
_LATCbits                                           (abs)        0010E
_ODCONA                                             (abs)        0028C
_ODCONB                                             (abs)        0028D
_ODCONC                                             (abs)        0028E
_OPTION_REGbits                                     (abs)        00095
_OSCCON                                             (abs)        00099
_OSCTUNE                                            (abs)        00098
_PIE1bits                                           (abs)        00090
_PIE2bits                                           (abs)        00091
_PIN_MANAGER_Initialize                             text2        00421
_PIR1bits                                           (abs)        00010
_PIR2bits                                           (abs)        00011
_Parse                                              text44       001AC
_ProcessMsg                                         text14       00068
_RB5PPS                                             (abs)        00E9D
_RB6PPS                                             (abs)        00E9E
_RC1REG                                             (abs)        00199
_RC1STA                                             (abs)        0019D
_RC1STAbits                                         (abs)        0019D
_RC2PPS                                             (abs)        00EA2
_RXPPS                                              (abs)        00E24
_SLRCONA                                            (abs)        0030C
_SLRCONB                                            (abs)        0030D
_SLRCONC                                            (abs)        0030E
_SPBRGH                                             (abs)        0019C
_SPBRGL                                             (abs)        0019B
_SSP1ADD                                            (abs)        00212
_SSP1BUF                                            (abs)        00211
_SSP1CON1                                           (abs)        00215
_SSP1CON1bits                                       (abs)        00215
_SSP1CON2                                           (abs)        00216
_SSP1CON2bits                                       (abs)        00216
_SSP1CON3                                           (abs)        00217
_SSP1STAT                                           (abs)        00214
_SSP1STATbits                                       (abs)        00214
_SSPA_getPOut                                       text19       002F4
_SSPA_getTemp                                       text17       005B2
_SSPA_setMute                                       text16       00668
_SSPCLKPPS                                          (abs)        00E20
_SSPDATPPS                                          (abs)        00E21
_SYSTEM_Initialize                                  text1        00E54
_SendMsg                                            text46       0062C
_SendNack                                           text45       00DB2
_SendSync                                           text47       00E30
_TRISA                                              (abs)        0008C
_TRISB                                              (abs)        0008D
_TRISC                                              (abs)        0008E
_TX1REG                                             (abs)        0019A
_TX1STA                                             (abs)        0019E
_TX1STAbits                                         (abs)        0019E
_WPUA                                               (abs)        0020C
_WPUB                                               (abs)        0020D
_WPUC                                               (abs)        0020E
__H__absolute__                                     __absolute__ 00000
__Habs1                                             abs1         00000
__Hbank0                                            bank0        00000
__Hbank1                                            bank1        00000
__Hbank10                                           bank10       00000
__Hbank11                                           bank11       00000
__Hbank12                                           bank12       00000
__Hbank13                                           bank13       00000
__Hbank14                                           bank14       00000
__Hbank15                                           bank15       00000
__Hbank16                                           bank16       00000
__Hbank17                                           bank17       00000
__Hbank18                                           bank18       00000
__Hbank19                                           bank19       00000
__Hbank2                                            bank2        00000
__Hbank20                                           bank20       00000
__Hbank21                                           bank21       00000
__Hbank22                                           bank22       00000
__Hbank23                                           bank23       00000
__Hbank24                                           bank24       00000
__Hbank25                                           bank25       00000
__Hbank26                                           bank26       00000
__Hbank27                                           bank27       00000
__Hbank28                                           bank28       00000
__Hbank29                                           bank29       00000
__Hbank3                                            bank3        00000
__Hbank30                                           bank30       00000
__Hbank31                                           bank31       00000
__Hbank4                                            bank4        00000
__Hbank5                                            bank5        00000
__Hbank6                                            bank6        00000
__Hbank7                                            bank7        00000
__Hbank8                                            bank8        00000
__Hbank9                                            bank9        00000
__Hbigram                                           bigram       00000
__HbssBANK0                                         bssBANK0     00000
__HbssBANK1                                         bssBANK1     00000
__HbssCOMMON                                        bssCOMMON    00000
__Hcinit                                            cinit        00068
__Hclrtext                                          clrtext      00000
__Hcode                                             code         00000
__Hcommon                                           common       00000
__Hconfig                                           config       0800A
__HcstackBANK0                                      cstackBANK0  00000
__HcstackCOMMON                                     cstackCOMMON 00000
__HdataBANK0                                        dataBANK0    00000
__HdataBANK1                                        dataBANK1    00000
__Heeprom_data                                      eeprom_data  00000
__Hend_init                                         end_init     00038
__Hfunctab                                          functab      00000
__Hheap                                             heap         00000
__HidataBANK0                                       idataBANK0   00000
__HidataBANK1                                       idataBANK1   00000
__Hinit                                             init         00036
__Hinittext                                         inittext     00000
__Hintentry                                         intentry     00036
__Hmaintext                                         maintext     00000
__HnvBANK0                                          nvBANK0      00000
__Hpowerup                                          powerup      00000
__Hram                                              ram          00000
__Hreset_vec                                        reset_vec    00002
__Hsfr0                                             sfr0         00000
__Hsfr1                                             sfr1         00000
__Hsfr10                                            sfr10        00000
__Hsfr11                                            sfr11        00000
__Hsfr12                                            sfr12        00000
__Hsfr13                                            sfr13        00000
__Hsfr14                                            sfr14        00000
__Hsfr15                                            sfr15        00000
__Hsfr16                                            sfr16        00000
__Hsfr17                                            sfr17        00000
__Hsfr18                                            sfr18        00000
__Hsfr19                                            sfr19        00000
__Hsfr2                                             sfr2         00000
__Hsfr20                                            sfr20        00000
__Hsfr21                                            sfr21        00000
__Hsfr22                                            sfr22        00000
__Hsfr23                                            sfr23        00000
__Hsfr24                                            sfr24        00000
__Hsfr25                                            sfr25        00000
__Hsfr26                                            sfr26        00000
__Hsfr27                                            sfr27        00000
__Hsfr28                                            sfr28        00000
__Hsfr29                                            sfr29        00000
__Hsfr3                                             sfr3         00000
__Hsfr30                                            sfr30        00000
__Hsfr31                                            sfr31        00000
__Hsfr4                                             sfr4         00000
__Hsfr5                                             sfr5         00000
__Hsfr6                                             sfr6         00000
__Hsfr7                                             sfr7         00000
__Hsfr8                                             sfr8         00000
__Hsfr9                                             sfr9         00000
__Hsivt                                             sivt         00036
__Hspace_0                                          (abs)        01000
__Hspace_1                                          (abs)        000CF
__Hspace_2                                          (abs)        00000
__Hspace_3                                          (abs)        00000
__Hspace_4                                          (abs)        10011
__Hstack                                            stack        00000
__Hstrings                                          strings      00000
__Hstringtext1                                      stringtext1  00000
__Hstringtext2                                      stringtext2  00000
__Hstringtext3                                      stringtext3  00000
__Htext                                             text         00000
__L__absolute__                                     __absolute__ 00000
__Labs1                                             abs1         00000
__Lbank0                                            bank0        00000
__Lbank1                                            bank1        00000
__Lbank10                                           bank10       00000
__Lbank11                                           bank11       00000
__Lbank12                                           bank12       00000
__Lbank13                                           bank13       00000
__Lbank14                                           bank14       00000
__Lbank15                                           bank15       00000
__Lbank16                                           bank16       00000
__Lbank17                                           bank17       00000
__Lbank18                                           bank18       00000
__Lbank19                                           bank19       00000
__Lbank2                                            bank2        00000
__Lbank20                                           bank20       00000
__Lbank21                                           bank21       00000
__Lbank22                                           bank22       00000
__Lbank23                                           bank23       00000
__Lbank24                                           bank24       00000
__Lbank25                                           bank25       00000
__Lbank26                                           bank26       00000
__Lbank27                                           bank27       00000
__Lbank28                                           bank28       00000
__Lbank29                                           bank29       00000
__Lbank3                                            bank3        00000
__Lbank30                                           bank30       00000
__Lbank31                                           bank31       00000
__Lbank4                                            bank4        00000
__Lbank5                                            bank5        00000
__Lbank6                                            bank6        00000
__Lbank7                                            bank7        00000
__Lbank8                                            bank8        00000
__Lbank9                                            bank9        00000
__Lbigram                                           bigram       00000
__LbssBANK0                                         bssBANK0     00000
__LbssBANK1                                         bssBANK1     00000
__LbssCOMMON                                        bssCOMMON    00000
__Lcinit                                            cinit        00038
__Lclrtext                                          clrtext      00000
__Lcode                                             code         00000
__Lcommon                                           common       00000
__Lconfig                                           config       00000
__LcstackBANK0                                      cstackBANK0  00000
__LcstackCOMMON                                     cstackCOMMON 00000
__LdataBANK0                                        dataBANK0    00000
__LdataBANK1                                        dataBANK1    00000
__Leeprom_data                                      eeprom_data  00000
__Lend_init                                         end_init     00036
__Lfunctab                                          functab      00000
__Lheap                                             heap         00000
__LidataBANK0                                       idataBANK0   00000
__LidataBANK1                                       idataBANK1   00000
__Linit                                             init         00036
__Linittext                                         inittext     00000
__Lintentry                                         intentry     00004
__Lmaintext                                         maintext     00000
__LnvBANK0                                          nvBANK0      00000
__Lpowerup                                          powerup      00000
__Lram                                              ram          00000
__Lreset_vec                                        reset_vec    00000
__Lsfr0                                             sfr0         00000
__Lsfr1                                             sfr1         00000
__Lsfr10                                            sfr10        00000
__Lsfr11                                            sfr11        00000
__Lsfr12                                            sfr12        00000
__Lsfr13                                            sfr13        00000
__Lsfr14                                            sfr14        00000
__Lsfr15                                            sfr15        00000
__Lsfr16                                            sfr16        00000
__Lsfr17                                            sfr17        00000
__Lsfr18                                            sfr18        00000
__Lsfr19                                            sfr19        00000
__Lsfr2                                             sfr2         00000
__Lsfr20                                            sfr20        00000
__Lsfr21                                            sfr21        00000
__Lsfr22                                            sfr22        00000
__Lsfr23                                            sfr23        00000
__Lsfr24                                            sfr24        00000
__Lsfr25                                            sfr25        00000
__Lsfr26                                            sfr26        00000
__Lsfr27                                            sfr27        00000
__Lsfr28                                            sfr28        00000
__Lsfr29                                            sfr29        00000
__Lsfr3                                             sfr3         00000
__Lsfr30                                            sfr30        00000
__Lsfr31                                            sfr31        00000
__Lsfr4                                             sfr4         00000
__Lsfr5                                             sfr5         00000
__Lsfr6                                             sfr6         00000
__Lsfr7                                             sfr7         00000
__Lsfr8                                             sfr8         00000
__Lsfr9                                             sfr9         00000
__Lsivt                                             sivt         00036
__Lspace_0                                          (abs)        00000
__Lspace_1                                          (abs)        00000
__Lspace_2                                          (abs)        00000
__Lspace_3                                          (abs)        00000
__Lspace_4                                          (abs)        00000
__Lstack                                            stack        00000
__Lstrings                                          strings      00000
__Lstringtext1                                      stringtext1  00000
__Lstringtext2                                      stringtext2  00000
__Lstringtext3                                      stringtext3  00000
__Ltext                                             text         00000
__S0                                                (abs)        01000
__S1                                                (abs)        000CF
___aldiv                                            text28       00264
___aldiv@counter                                    cstackBANK0  00034
___aldiv@dividend                                   cstackBANK0  00030
___aldiv@divisor                                    cstackBANK0  0002C
___aldiv@quotient                                   cstackBANK0  00036
___aldiv@sign                                       cstackBANK0  00035
___heap_hi                                          (abs)        00000
___heap_lo                                          (abs)        00000
___int_sp                                           stack        00000
___int_stack_hi                                     stack        00000
___int_stack_lo                                     stack        00000
___latbits                                          (abs)        00001
___lmul                                             text27       00717
___lmul@multiplicand                                cstackBANK0  00024
___lmul@multiplier                                  cstackBANK0  00020
___lmul@product                                     cstackBANK0  00028
___sp                                               stack        00000
___stack_hi                                         stack        00000
___stack_lo                                         stack        00000
___stackhi                                          (abs)        00000
___stacklo                                          (abs)        00000
__end_of_ADC2Amp                                    text26       00534
__end_of_ADC2Celsius                                text18       00421
__end_of_ADC2dBm                                    text25       0062C
__end_of_ADC_DefaultInterruptHandler                text87       00CE4
__end_of_ADC_GetConversionResult                    text24       00D57
__end_of_ADC_ISR                                    text86       00E11
__end_of_ADC_Initialize                             text12       00E7B
__end_of_ADC_IsConversionDone                       text23       00D93
__end_of_ADC_SelectChannel                          text22       00DDF
__end_of_ADC_SetInterruptHandler                    text13       00D5D
__end_of_ADC_StartConversion                        text21       00CFF
__end_of_CLOCK_Initialize                           text11       00DB2
__end_of_EUSART_DefaultFramingErrorCallback         text52       00004
__end_of_EUSART_DefaultOverrunErrorCallback         text51       00D23
__end_of_EUSART_FramingErrorCallbackRegister        text10       00DC8
__end_of_EUSART_Initialize                          text8        00EC6
__end_of_EUSART_IsRxReady                           text53       00D3A
__end_of_EUSART_IsTxReady                           text49       00E20
__end_of_EUSART_OverrunErrorCallbackRegister        text9        00DF7
__end_of_EUSART_Read                                text50       00FA6
__end_of_EUSART_Write                               text48       00D27
__end_of_I2C1_AckSend                               text78       00D0B
__end_of_I2C1_BusReset                              text84       00D03
__end_of_I2C1_CallbackRegister                      text7        00E03
__end_of_I2C1_Close                                 text80       00E54
__end_of_I2C1_DataReceive                           text77       00CF0
__end_of_I2C1_DataTransmit                          text72       00D30
__end_of_I2C1_DefaultCallback                       text85       00003
__end_of_I2C1_ERROR_ISR                             text60       00D1B
__end_of_I2C1_EVENT_ERROR                           text64       00D4B
__end_of_I2C1_EVENT_IDLE                            text69       00D17
__end_of_I2C1_EVENT_NACK                            text65       00D45
__end_of_I2C1_EVENT_RESET                           text62       00D77
__end_of_I2C1_EVENT_RX                              text66       00717
__end_of_I2C1_EVENT_SEND_RD_ADDR                    text68       00DA2
__end_of_I2C1_EVENT_SEND_WR_ADDR                    text67       00D70
__end_of_I2C1_EVENT_STOP                            text63       00DAA
__end_of_I2C1_EVENT_TX                              text70       00FD2
__end_of_I2C1_ErrorEventHandler                     text61       00F06
__end_of_I2C1_ErrorInterruptClear                   text83       00CE7
__end_of_I2C1_EventHandler                          text56       004F4
__end_of_I2C1_ISR                                   text55       00D1F
__end_of_I2C1_Initialize                            text5        00E91
__end_of_I2C1_InterruptClear                        text82       00CEA
__end_of_I2C1_InterruptsEnable                      text6        00D2B
__end_of_I2C1_IsAddr                                text59       00D7E
__end_of_I2C1_IsBusy                                text43       00E30
__end_of_I2C1_IsData                                text58       00D35
__end_of_I2C1_IsNack                                text57       00D51
__end_of_I2C1_IsRxBufFull                           text76       00D0F
__end_of_I2C1_NackSend                              text75       00D13
__end_of_I2C1_Read                                  text35       007FE
__end_of_I2C1_ReadStart                             text36       00D8C
__end_of_I2C1_ReceiveEnable                         text74       00CF3
__end_of_I2C1_RestartDisable                        text73       00CF6
__end_of_I2C1_RestartEnable                         text71       00CF9
__end_of_I2C1_StartSend                             text42       00CFC
__end_of_I2C1_StatusFlagsClear                      text81       00D07
__end_of_I2C1_StopSend                              text79       00CED
__end_of_I2C1_Write                                 text40       00EE4
__end_of_I2C1_WriteStart                            text41       00D85
__end_of_I2C_Host                                   stringtext2  00812
__end_of_INTERRUPT_Initialize                       text3        00DD3
__end_of_INTERRUPT_InterruptManager                 intentry     00036
__end_of_INT_SetInterruptHandler                    text4        00D3F
__end_of_KAPS_GoToIdx                               text39       00F2C
__end_of_KAPS_StorePos                              text37       00574
__end_of_KAPS_getIndex                              text34       01000
__end_of_KAPS_getPos                                text32       005B2
__end_of_KAPS_getStatus                             text31       007DC
__end_of_KAPS_setAbsPos                             text30       0077E
__end_of_KAPS_setRelPos                             text29       00F54
__end_of_PIN_MANAGER_Initialize                     text2        0046C
__end_of_Parse                                      text44       00264
__end_of_ProcessMsg                                 text14       001AC
__end_of_SSPA_getPOut                               text19       0037E
__end_of_SSPA_getTemp                               text17       005EF
__end_of_SSPA_setMute                               text16       006A3
__end_of_SYSTEM_Initialize                          text1        00E67
__end_of_SendMsg                                    text46       00668
__end_of_SendNack                                   text45       00DBD
__end_of_SendSync                                   text47       00E41
__end_of_UART                                       stringtext1  007AE
__end_of___aldiv                                    text28       002F4
__end_of___lmul                                     text27       0074B
__end_of__initialization                            cinit        00064
__end_of_getADCValue                                text20       006DE
__end_of_i2c1_eventTable                            stringtext3  00824
__end_of_main                                       maintext     00F7C
__end_of_packLong                                   text33       003D5
__end_of_unpackLong                                 text38       004B1
__end_of_unpackWord                                 text15       00DEB
__initialization                                    cinit        00038
__pbssBANK0                                         bssBANK0     00052
__pbssBANK1                                         bssBANK1     000B8
__pbssCOMMON                                        bssCOMMON    00076
__pcstackBANK0                                      cstackBANK0  00020
__pcstackCOMMON                                     cstackCOMMON 00070
__pdataBANK0                                        dataBANK0    00064
__pdataBANK1                                        dataBANK1    000A0
__pidataBANK0                                       idataBANK0   00D93
__pidataBANK1                                       idataBANK1   00E91
__pintentry                                         intentry     00004
__pmaintext                                         maintext     00F54
__pnvBANK0                                          nvBANK0      0006B
__pstringtext1                                      stringtext1  0077E
__pstringtext2                                      stringtext2  007FE
__pstringtext3                                      stringtext3  00812
__ptext1                                            text1        00E54
__ptext10                                           text10       00DBD
__ptext11                                           text11       00DAA
__ptext12                                           text12       00E67
__ptext13                                           text13       00D57
__ptext14                                           text14       00068
__ptext15                                           text15       00DDF
__ptext16                                           text16       00668
__ptext17                                           text17       005B2
__ptext18                                           text18       003D5
__ptext19                                           text19       002F4
__ptext2                                            text2        00421
__ptext20                                           text20       006A3
__ptext21                                           text21       00CFC
__ptext22                                           text22       00DD3
__ptext23                                           text23       00D8C
__ptext24                                           text24       00D51
__ptext25                                           text25       005EF
__ptext26                                           text26       004F4
__ptext27                                           text27       00717
__ptext28                                           text28       00264
__ptext29                                           text29       00F2C
__ptext3                                            text3        00DC8
__ptext30                                           text30       0074B
__ptext31                                           text31       007AE
__ptext32                                           text32       00574
__ptext33                                           text33       0037E
__ptext34                                           text34       00FD2
__ptext35                                           text35       007DC
__ptext36                                           text36       00D85
__ptext37                                           text37       00534
__ptext38                                           text38       0046C
__ptext39                                           text39       00F06
__ptext4                                            text4        00D3A
__ptext40                                           text40       00EC6
__ptext41                                           text41       00D7E
__ptext42                                           text42       00CF9
__ptext43                                           text43       00E20
__ptext44                                           text44       001AC
__ptext45                                           text45       00DB2
__ptext46                                           text46       0062C
__ptext47                                           text47       00E30
__ptext48                                           text48       00D23
__ptext49                                           text49       00E11
__ptext5                                            text5        00E7B
__ptext50                                           text50       00F7C
__ptext51                                           text51       00D1F
__ptext52                                           text52       00003
__ptext53                                           text53       00D35
__ptext55                                           text55       00D1B
__ptext56                                           text56       004B1
__ptext57                                           text57       00D4B
__ptext58                                           text58       00D30
__ptext59                                           text59       00D77
__ptext6                                            text6        00D27
__ptext60                                           text60       00D17
__ptext61                                           text61       00EE4
__ptext62                                           text62       00D70
__ptext63                                           text63       00DA2
__ptext64                                           text64       00D45
__ptext65                                           text65       00D3F
__ptext66                                           text66       006DE
__ptext67                                           text67       00D69
__ptext68                                           text68       00D9A
__ptext69                                           text69       00D13
__ptext7                                            text7        00DF7
__ptext70                                           text70       00FA6
__ptext71                                           text71       00CF6
__ptext72                                           text72       00D2B
__ptext73                                           text73       00CF3
__ptext74                                           text74       00CF0
__ptext75                                           text75       00D0F
__ptext76                                           text76       00D0B
__ptext77                                           text77       00CED
__ptext78                                           text78       00D07
__ptext79                                           text79       00CEA
__ptext8                                            text8        00EA9
__ptext80                                           text80       00E41
__ptext81                                           text81       00D03
__ptext82                                           text82       00CE7
__ptext83                                           text83       00CE4
__ptext84                                           text84       00CFF
__ptext85                                           text85       00002
__ptext86                                           text86       00E03
__ptext87                                           text87       00CE3
__ptext9                                            text9        00DEB
_eusartRxLastError                                  bssBANK0     00060
_getADCValue                                        text20       006A3
_i2c1Status                                         bssBANK0     00052
_i2c1_eventTable                                    stringtext3  00812
_kaps                                               dataBANK0    00064
_main                                               maintext     00F54
_packLong                                           text33       0037E
_parser                                             bssBANK1     000B8
_parserDataBuffer                                   bssBANK1     000CA
_sspas                                              dataBANK1    000A0
_unpackLong                                         text38       0046C
_unpackWord                                         text15       00DDF
btemp                                               (abs)        0007E
clear_ram0                                          clrtext      00D5D
end_of_initialization                               cinit        00064
getADCValue@aux                                     cstackBANK0  00025
getADCValue@channel                                 cstackBANK0  00024
getADCValue@i                                       cstackBANK0  00029
getADCValue@sum                                     cstackBANK0  00027
init_ram                                            inittext     00D63
int$flags                                           (abs)        0007E
intlevel0                                           functab      00000
intlevel1                                           functab      00000
intlevel2                                           functab      00000
intlevel3                                           functab      00000
intlevel4                                           functab      00000
intlevel5                                           functab      00000
main@data                                           cstackBANK0  00051
packLong@data                                       cstackBANK0  0002C
packLong@result                                     cstackBANK0  00028
reset_vec                                           reset_vec    00000
start                                               init         00036
start_initialization                                cinit        00038
unpackLong@data                                     cstackBANK0  00024
unpackLong@value                                    cstackBANK0  00020
unpackWord@data                                     cstackBANK0  00022
unpackWord@value                                    cstackBANK0  00020
wtemp0                                              (abs)        0007E


MODULE INFORMATION

Module		Function		Class		Link	Load	Size
parser.c
		_SendSync      		CODE           	0E30	0000	17
		_SendMsg       		CODE           	062C	0000	60
		_Parse         		CODE           	01AC	0000	184
		_SendNack      		CODE           	0DB2	0000	11

parser.c estimated size: 272

C:\Program Files\Microchip\xc8\v2.46\pic\sources\c99\common\aldiv.c
		___aldiv       		CODE           	0264	0000	144

C:\Program Files\Microchip\xc8\v2.46\pic\sources\c99\common\aldiv.c estimated size: 144

mcc_generated_files/system/src/interrupt.c
		_INT_SetInterruptHandler		CODE           	0D3A	0000	5
		_INTERRUPT_Initialize		CODE           	0DC8	0000	11
		_INTERRUPT_InterruptManager		CODE           	0004	0000	50

mcc_generated_files/system/src/interrupt.c estimated size: 66

mcc_generated_files/adc/src/adc.c
		_ADC_DefaultInterruptHandler		CODE           	0CE3	0000	1
		_ADC_Initialize		CODE           	0E67	0000	20
		_ADC_IsConversionDone		CODE           	0D8C	0000	7
		_ADC_SetInterruptHandler		CODE           	0D57	0000	6
		_ADC_GetConversionResult		CODE           	0D51	0000	6
		_ADC_StartConversion		CODE           	0CFC	0000	3
		_ADC_ISR       		CODE           	0E03	0000	14
		_ADC_SelectChannel		CODE           	0DD3	0000	12

mcc_generated_files/adc/src/adc.c estimated size: 69

mcc_generated_files/system/src/pins.c
		_PIN_MANAGER_Initialize		CODE           	0421	0000	75

mcc_generated_files/system/src/pins.c estimated size: 75

shared
		_UART          		STRCODE        	0000	0000	0
		__initialization		CODE           	0038	0000	44
		_i2c1_eventTable		STRCODE        	0812	0000	18
		_I2C_Host      		STRCODE        	0000	0000	0

shared estimated size: 62

sspa.c
		_ADC2Celsius   		CODE           	03D5	0000	76
		_SSPA_getTemp  		CODE           	05B2	0000	61
		_SSPA_getPOut  		CODE           	02F4	0000	138
		_ADC2Amp       		CODE           	04F4	0000	64
		_SSPA_setMute  		CODE           	0668	0000	59
		_ADC2dBm       		CODE           	05EF	0000	61
		_getADCValue   		CODE           	06A3	0000	59

sspa.c estimated size: 518

utils.c
		_unpackWord    		CODE           	0DDF	0000	12
		_packLong      		CODE           	037E	0000	87
		_unpackLong    		CODE           	046C	0000	69

utils.c estimated size: 168

mcc_generated_files/uart/src/eusart.c
		_EUSART_FramingErrorCallbackRegister		CODE           	0DBD	0000	11
		_EUSART_OverrunErrorCallbackRegister		CODE           	0DEB	0000	12
		_EUSART_Read   		CODE           	0F7C	0000	42
		_EUSART_Write  		CODE           	0D23	0000	4
		_EUSART_DefaultOverrunErrorCallback		CODE           	0D1F	0000	4
		_EUSART_IsRxReady		CODE           	0D35	0000	5
		_EUSART_IsTxReady		CODE           	0E11	0000	15
		_EUSART_Initialize		CODE           	0EA9	0000	29
		_EUSART_DefaultFramingErrorCallback		CODE           	0003	0000	1

mcc_generated_files/uart/src/eusart.c estimated size: 123

mcc_generated_files/system/src/clock.c
		_CLOCK_Initialize		CODE           	0DAA	0000	8

mcc_generated_files/system/src/clock.c estimated size: 8

mcc_generated_files/i2c_host/src/mssp.c
		_I2C1_EVENT_SEND_WR_ADDR		CODE           	0D69	0000	7
		_I2C1_Read     		CODE           	07DC	0000	34
		_I2C1_NackSend 		CODE           	0D0F	0000	4
		_I2C1_ErrorEventHandler		CODE           	0EE4	0000	34
		_I2C1_CallbackRegister		CODE           	0DF7	0000	12
		_I2C1_EVENT_RESET		CODE           	0D70	0000	7
		_I2C1_EVENT_ERROR		CODE           	0D45	0000	6
		_I2C1_ErrorInterruptClear		CODE           	0CE4	0000	3
		_I2C1_StatusFlagsClear		CODE           	0D03	0000	4
		_I2C1_InterruptsEnable		CODE           	0D27	0000	4
		_I2C1_InterruptClear		CODE           	0CE7	0000	3
		_I2C1_WriteStart		CODE           	0D7E	0000	7
		_I2C1_ReadStart		CODE           	0D85	0000	7
		_I2C1_EVENT_RX 		CODE           	06DE	0000	57
		_I2C1_EVENT_TX 		CODE           	0FA6	0000	44
		_I2C1_ReceiveEnable		CODE           	0CF0	0000	3
		_I2C1_RestartEnable		CODE           	0CF6	0000	3
		_I2C1_ISR      		CODE           	0D1B	0000	4
		_I2C1_EventHandler		CODE           	04B1	0000	67
		_I2C1_DataReceive		CODE           	0CED	0000	3
		_I2C1_IsData   		CODE           	0D30	0000	5
		_I2C1_IsNack   		CODE           	0D4B	0000	6
		_I2C1_IsAddr   		CODE           	0D77	0000	7
		_I2C1_IsBusy   		CODE           	0E20	0000	16
		_I2C1_EVENT_IDLE		CODE           	0D13	0000	4
		_I2C1_EVENT_NACK		CODE           	0D3F	0000	6
		_I2C1_EVENT_SEND_RD_ADDR		CODE           	0D9A	0000	8
		_I2C1_EVENT_STOP		CODE           	0DA2	0000	8
		_I2C1_BusReset 		CODE           	0CFF	0000	4
		_I2C1_Initialize		CODE           	0E7B	0000	22
		_I2C1_Close    		CODE           	0E41	0000	19
		_I2C1_ERROR_ISR		CODE           	0D17	0000	4
		_I2C1_IsRxBufFull		CODE           	0D0B	0000	4
		_I2C1_Write    		CODE           	0EC6	0000	30
		_I2C1_StopSend 		CODE           	0CEA	0000	3
		_I2C1_RestartDisable		CODE           	0CF3	0000	3
		_I2C1_DataTransmit		CODE           	0D2B	0000	5
		_I2C1_AckSend  		CODE           	0D07	0000	4
		_I2C1_DefaultCallback		CODE           	0002	0000	1
		_I2C1_StartSend		CODE           	0CF9	0000	3

mcc_generated_files/i2c_host/src/mssp.c estimated size: 475

kaps.c
		_KAPS_GoToIdx  		CODE           	0F06	0000	38
		_KAPS_getPos   		CODE           	0574	0000	62
		_KAPS_getIndex 		CODE           	0FD2	0000	46
		_KAPS_getStatus		CODE           	07AE	0000	46
		_KAPS_setRelPos		CODE           	0F2C	0000	40
		_KAPS_setAbsPos		CODE           	074B	0000	51
		_KAPS_StorePos 		CODE           	0534	0000	64

kaps.c estimated size: 347

main.c
		_main          		CODE           	0F54	0000	40
		_ProcessMsg    		CODE           	0068	0000	324

main.c estimated size: 364

C:\Program Files\Microchip\xc8\v2.46\pic\sources\c99\common\Umul32.c
		___lmul        		CODE           	0717	0000	52

C:\Program Files\Microchip\xc8\v2.46\pic\sources\c99\common\Umul32.c estimated size: 52

mcc_generated_files/system/src/system.c
		_SYSTEM_Initialize		CODE           	0E54	0000	19

mcc_generated_files/system/src/system.c estimated size: 19

