Microchip MPLAB XC8 Compiler V2.46

Linker command line:

-W-3 \
  --edf=C:\Program Files\Microchip\xc8\v2.46\pic\dat\20240104201356_en.msgs \
  -cn -h+dist/default/production\i2c_MASTER.X.production.sym \
  --cmf=dist/default/production\i2c_MASTER.X.production.cmf -z -Q16F1618 \
  -oC:\Users\MAB0B~1.SAN\AppData\Local\Temp\xcAseao.\driver_tmp_3.o \
  --defsym=__MPLAB_BUILD=1 --fixupoverflow=error \
  -Mdist/default/production/i2c_MASTER.X.production.map \
  --md=C:\Users\MAB0B~1.SAN\AppData\Local\Temp\xcAseao.\driver_tmp_0.dat \
  -E1 -ver=XC8 Compiler --acfsm=1493 -ACODE=00h-07FFhx2 -ASTRCODE=00h-0FFFh \
  -ASTRING=00h-0FFhx16 -ACONST=00h-0FFhx16 -AENTRY=00h-0FFhx16 \
  -ACOMMON=070h-07Fh -ABANK0=020h-06Fh -ABANK1=0A0h-0EFh \
  -ABANK2=0120h-016Fh -ABANK3=01A0h-01EFh -ABANK4=0220h-026Fh \
  -ABANK5=02A0h-02EFh -ABANK6=0320h-032Fh -ABIGRAM=02000h-021EFh \
  -ARAM=020h-06Fh,0A0h-0EFh,0120h-016Fh,01A0h-01EFh,0220h-026Fh,02A0h-02EFh,0320h-032Fh \
  -AABS1=020h-07Fh,0A0h-0EFh,0120h-016Fh,01A0h-01EFh,0220h-026Fh,02A0h-02EFh,0320h-032Fh \
  -ASFR0=00h-01Fh -ASFR1=080h-09Fh -ASFR2=0100h-011Fh -ASFR3=0180h-019Fh \
  -ASFR4=0200h-021Fh -ASFR5=0280h-029Fh -ASFR6=0300h-031Fh \
  -ASFR7=0380h-03EFh -ASFR8=0400h-046Fh -ASFR9=0480h-04EFh \
  -ASFR10=0500h-056Fh -ASFR11=0580h-05EFh -ASFR12=0600h-066Fh \
  -ASFR13=0680h-06EFh -ASFR14=0700h-076Fh -ASFR15=0780h-07EFh \
  -ASFR16=0800h-086Fh -ASFR17=0880h-08EFh -ASFR18=0900h-096Fh \
  -ASFR19=0980h-09EFh -ASFR20=0A00h-0A6Fh -ASFR21=0A80h-0AEFh \
  -ASFR22=0B00h-0B6Fh -ASFR23=0B80h-0BEFh -ASFR24=0C00h-0C6Fh \
  -ASFR25=0C80h-0CEFh -ASFR26=0D00h-0D6Fh -ASFR27=0D80h-0DEFh \
  -ASFR28=0E00h-0E6Fh -ASFR29=0E80h-0EEFh -ASFR30=0F00h-0F6Fh \
  -ASFR31=0F80h-0FEFh -ACONFIG=08007h-08009h -DCONFIG=2 \
  -AIDLOC=08000h-08003h -DIDLOC=2 -DCODE=2 -DSTRCODE=2 -DSTRING=2 -DCONST=2 \
  -DENTRY=2 -preset_vec=00h,intentry=04h,sivt,init,end_init -ppowerup=CODE \
  -pcinit=CODE -pfunctab=ENTRY -k \
  C:\Users\MAB0B~1.SAN\AppData\Local\Temp\xcAseao.\driver_tmp_12.o \
  dist/default/production\i2c_MASTER.X.production.o 

Object code version is 3.11

Machine type is 16F1618



                Name                               Link     Load   Length Selector   Space Scale
C:\Users\MAB0B~1.SAN\AppData\Local\Temp\xcAseao.\driver_tmp_12.o
                end_init                             36       36        2        8       0
                reset_vec                             0        0        2        0       0
                config                             8007     8007        3        0       4
dist/default/production\i2c_MASTER.X.production.o
                cinit                                38       38       30        8       0
                intentry                              4        4       32        8       0
                config                             8007     8007        3        0       4
                text86                              CEF      CEF        1     19DE       0
                text85                              E09      E09        E     1C12       0
                text84                                2        2        1        0       0
                text83                              D0B      D0B        4     1A16       0
                text82                              CF0      CF0        3     19E0       0
                text81                              CF3      CF3        3     19E6       0
                text80                              D0F      D0F        4     1A1E       0
                text79                              E47      E47       13     1C8E       0
                text78                              CF6      CF6        3     19EC       0
                text77                              D13      D13        4     1A26       0
                text76                              CF9      CF9        3     19F2       0
                text75                              D17      D17        4     1A2E       0
                text74                              D1B      D1B        4     1A36       0
                text73                              CFC      CFC        3     19F8       0
                text72                              CFF      CFF        3     19FE       0
                text71                              D37      D37        5     1A6E       0
                text70                              D02      D02        3     1A04       0
                text69                              FA6      FA6       2C     1F4C       0
                text68                              D1F      D1F        4     1A3E       0
                text67                              DA0      DA0        8     1B40       0
                text66                              D6F      D6F        7     1ADE       0
                text65                              6A3      6A3       39        8       0
                text64                              D4B      D4B        6     1A96       0
                text63                              D51      D51        6     1AA2       0
                text62                              DA8      DA8        8     1B50       0
                text61                              D76      D76        7     1AEC       0
                text60                              EEA      EEA       22     1DD4       0
                text59                              D23      D23        4     1A46       0
                text58                              D7D      D7D        7     1AFA       0
                text57                              D3C      D3C        5     1A78       0
                text56                              D57      D57        6     1AAE       0
                text55                              4B1      4B1       43        8       0
                text54                              D27      D27        4     1A4E       0
                text52                              D41      D41        5     1A82       0
                text51                                3        3        1        6       0
                text50                              D2B      D2B        4     1A56       0
                text49                              F7C      F7C       2A     1EF8       0
                text48                              E17      E17        F     1C2E       0
                text47                              D2F      D2F        4     1A5E       0
                text46                              E36      E36       11     1C6C       0
                text45                              62C      62C       3C        8       0
                text44                              DB8      DB8        B     1B70       0
                text43                              1AC      1AC       B8        8       0
                text42                              E26      E26       10     1C4C       0
                text41                              D05      D05        3     1A0A       0
                text40                              D84      D84        7     1B08       0
                text39                              ECC      ECC       1E     1D98       0
                text38                              F2E      F2E       26     1E5C       0
                text37                              46C      46C       45        8       0
                text36                              534      534       40        8       0
                text35                              D8B      D8B        7     1B16       0
                text34                              F0C      F0C       22     1E18       0
                text33                              FD2      FD2       2E     1FA4       0
                text32                              37E      37E       57        8       0
                text31                              574      574       3E        8       0
                text30                              7A9      7A9       2E      F52       0
                text29                              746      746       33        8       0
                text28                              F54      F54       28     1EA8       0
                text27                              264      264       90        8       0
                text26                              712      712       34        8       0
                text25                              4F4      4F4       40        8       0
                text24                              5EF      5EF       3D        8       0
                text23                              D92      D92        7     1B24       0
                text22                              DD9      DD9        C     1BB2       0
                text21                              D08      D08        3     1A10       0
                text20                              6DC      6DC       36        8       0
                text19                              2F4      2F4       8A        8       0
                text18                              3D5      3D5       4C        8       0
                text17                              5B2      5B2       3D        8       0
                text16                              668      668       3B        8       0
                text15                              DE5      DE5        C     1BCA       0
                text14                               68       68      144        8       0
                text13                              D5D      D5D        6     1ABA       0
                text12                              E6D      E6D       14     1CDA       0
                text11                              DB0      DB0        8     1B60       0
                text10                              DC3      DC3        B     1B86       0
                text9                               DF1      DF1        C     1BE2       0
                text8                               EAF      EAF       1D     1D5E       0
                text7                               DFD      DFD        C     1BFA       0
                text6                               D33      D33        4     1A66       0
                text5                               E81      E81       16     1D02       0
                text4                               D46      D46        5     1A8C       0
                text3                               DCE      DCE        B     1B9C       0
                text2                               421      421       4B        8       0
                text1                               E5A      E5A       13     1CB4       0
                maintext                            7D7      7D7       28      F52       0
                cstackBANK0                          20       20       32       20       1
                cstackCOMMON                         70       70        6       70       1
                clrtext                             D63      D63        6     1AC6       0
                inittext                            D69      D69        6     1AD2       0
                dataBANK1                            A0       A0       18       A0       1
                bssBANK1                             B8       B8       17       A0       1
                dataBANK0                            64       64        7       20       1
                bssBANK0                             52       52       12       20       1
                bssCOMMON                            76       76        4       70       1
                nvBANK0                              6B       6B        2       20       1
                stringtext3                         813      813       12      FFE       0
                stringtext2                         7FF      7FF       14      FFE       0
                stringtext1                         779      779       30      EF2       0
                idataBANK1                          E97      E97       18     1D2E       0
                idataBANK0                          D99      D99        7     1B32       0

TOTAL           Name                               Link     Load   Length     Space
        CLASS   CODE           
                end_init                             36       36        2         0
                cinit                                38       38       30         0
                intentry                              4        4       32         0
                reset_vec                             0        0        2         0
                text86                              CEF      CEF        1         0
                text85                              E09      E09        E         0
                text84                                2        2        1         0
                text83                              D0B      D0B        4         0
                text82                              CF0      CF0        3         0
                text81                              CF3      CF3        3         0
                text80                              D0F      D0F        4         0
                text79                              E47      E47       13         0
                text78                              CF6      CF6        3         0
                text77                              D13      D13        4         0
                text76                              CF9      CF9        3         0
                text75                              D17      D17        4         0
                text74                              D1B      D1B        4         0
                text73                              CFC      CFC        3         0
                text72                              CFF      CFF        3         0
                text71                              D37      D37        5         0
                text70                              D02      D02        3         0
                text69                              FA6      FA6       2C         0
                text68                              D1F      D1F        4         0
                text67                              DA0      DA0        8         0
                text66                              D6F      D6F        7         0
                text65                              6A3      6A3       39         0
                text64                              D4B      D4B        6         0
                text63                              D51      D51        6         0
                text62                              DA8      DA8        8         0
                text61                              D76      D76        7         0
                text60                              EEA      EEA       22         0
                text59                              D23      D23        4         0
                text58                              D7D      D7D        7         0
                text57                              D3C      D3C        5         0
                text56                              D57      D57        6         0
                text55                              4B1      4B1       43         0
                text54                              D27      D27        4         0
                text52                              D41      D41        5         0
                text51                                3        3        1         0
                text50                              D2B      D2B        4         0
                text49                              F7C      F7C       2A         0
                text48                              E17      E17        F         0
                text47                              D2F      D2F        4         0
                text46                              E36      E36       11         0
                text45                              62C      62C       3C         0
                text44                              DB8      DB8        B         0
                text43                              1AC      1AC       B8         0
                text42                              E26      E26       10         0
                text41                              D05      D05        3         0
                text40                              D84      D84        7         0
                text39                              ECC      ECC       1E         0
                text38                              F2E      F2E       26         0
                text37                              46C      46C       45         0
                text36                              534      534       40         0
                text35                              D8B      D8B        7         0
                text34                              F0C      F0C       22         0
                text33                              FD2      FD2       2E         0
                text32                              37E      37E       57         0
                text31                              574      574       3E         0
                text30                              7A9      7A9       2E         0
                text29                              746      746       33         0
                text28                              F54      F54       28         0
                text27                              264      264       90         0
                text26                              712      712       34         0
                text25                              4F4      4F4       40         0
                text24                              5EF      5EF       3D         0
                text23                              D92      D92        7         0
                text22                              DD9      DD9        C         0
                text21                              D08      D08        3         0
                text20                              6DC      6DC       36         0
                text19                              2F4      2F4       8A         0
                text18                              3D5      3D5       4C         0
                text17                              5B2      5B2       3D         0
                text16                              668      668       3B         0
                text15                              DE5      DE5        C         0
                text14                               68       68      144         0
                text13                              D5D      D5D        6         0
                text12                              E6D      E6D       14         0
                text11                              DB0      DB0        8         0
                text10                              DC3      DC3        B         0
                text9                               DF1      DF1        C         0
                text8                               EAF      EAF       1D         0
                text7                               DFD      DFD        C         0
                text6                               D33      D33        4         0
                text5                               E81      E81       16         0
                text4                               D46      D46        5         0
                text3                               DCE      DCE        B         0
                text2                               421      421       4B         0
                text1                               E5A      E5A       13         0
                maintext                            7D7      7D7       28         0
                clrtext                             D63      D63        6         0
                inittext                            D69      D69        6         0
                idataBANK1                          E97      E97       18         0
                idataBANK0                          D99      D99        7         0

        CLASS   STRCODE        
                stringtext3                         813      813       12         0
                stringtext2                         7FF      7FF       14         0
                stringtext1                         779      779       30         0

        CLASS   STRING         

        CLASS   CONST          

        CLASS   ENTRY          

        CLASS   COMMON         
                cstackCOMMON                         70       70        6         1
                bssCOMMON                            76       76        4         1

        CLASS   BANK0          
                cstackBANK0                          20       20       32         1
                dataBANK0                            64       64        7         1
                bssBANK0                             52       52       12         1
                nvBANK0                              6B       6B        2         1

        CLASS   BANK1          
                dataBANK1                            A0       A0       18         1
                bssBANK1                             B8       B8       17         1

        CLASS   BANK2          

        CLASS   BANK3          

        CLASS   BANK4          

        CLASS   BANK5          

        CLASS   BANK6          

        CLASS   BIGRAM         

        CLASS   RAM            

        CLASS   ABS1           
                abs_s1                               7E       7E        2         1

        CLASS   SFR0           

        CLASS   SFR1           

        CLASS   SFR2           

        CLASS   SFR3           

        CLASS   SFR4           

        CLASS   SFR5           

        CLASS   SFR6           

        CLASS   SFR7           

        CLASS   SFR8           

        CLASS   SFR9           

        CLASS   SFR10          

        CLASS   SFR11          

        CLASS   SFR12          

        CLASS   SFR13          

        CLASS   SFR14          

        CLASS   SFR15          

        CLASS   SFR16          

        CLASS   SFR17          

        CLASS   SFR18          

        CLASS   SFR19          

        CLASS   SFR20          

        CLASS   SFR21          

        CLASS   SFR22          

        CLASS   SFR23          

        CLASS   SFR24          

        CLASS   SFR25          

        CLASS   SFR26          

        CLASS   SFR27          

        CLASS   SFR28          

        CLASS   SFR29          

        CLASS   SFR30          

        CLASS   SFR31          

        CLASS   CONFIG         
                config                             8007     8007        3         4

        CLASS   IDLOC          

        CLASS   BANK31         

        CLASS   BANK30         

        CLASS   BANK29         

        CLASS   BANK28         

        CLASS   BANK27         

        CLASS   BANK26         

        CLASS   BANK25         

        CLASS   BANK24         

        CLASS   BANK23         

        CLASS   BANK22         

        CLASS   BANK21         

        CLASS   BANK20         

        CLASS   BANK19         

        CLASS   BANK18         

        CLASS   BANK17         

        CLASS   BANK16         

        CLASS   BANK15         

        CLASS   BANK14         

        CLASS   BANK13         

        CLASS   BANK12         

        CLASS   BANK11         

        CLASS   BANK10         

        CLASS   BANK9          

        CLASS   BANK8          

        CLASS   BANK7          

        CLASS   HEAP           

        CLASS   STACK          

        CLASS   EEDATA         



SEGMENTS        Name                           Load    Length   Top    Selector   Space  Class     Delta

                reset_vec                      000000  000003  000003         0       0  CODE        2
                text51                         000003  000001  000004         6       0  CODE        2
                intentry                       000004  000775  000779         8       0  CODE        2
                cstackBANK0                    000020  00004D  00006D        20       1  BANK0       1
                cstackCOMMON                   000070  00000A  00007A        70       1  COMMON      1
                dataBANK1                      0000A0  00002F  0000CF        A0       1  BANK1       1
                stringtext1                    000779  000030  0007A9       EF2       0  STRCODE     2
                text30                         0007A9  000056  0007FF       F52       0  CODE        2
                stringtext2                    0007FF  000026  000825       FFE       0  STRCODE     2
                text86                         000CEF  000001  000CF0      19DE       0  CODE        2
                text82                         000CF0  000003  000CF3      19E0       0  CODE        2
                text81                         000CF3  000003  000CF6      19E6       0  CODE        2
                text78                         000CF6  000003  000CF9      19EC       0  CODE        2
                text76                         000CF9  000003  000CFC      19F2       0  CODE        2
                text73                         000CFC  000003  000CFF      19F8       0  CODE        2
                text72                         000CFF  000003  000D02      19FE       0  CODE        2
                text70                         000D02  000003  000D05      1A04       0  CODE        2
                text41                         000D05  000003  000D08      1A0A       0  CODE        2
                text21                         000D08  000003  000D0B      1A10       0  CODE        2
                text83                         000D0B  000004  000D0F      1A16       0  CODE        2
                text80                         000D0F  000004  000D13      1A1E       0  CODE        2
                text77                         000D13  000004  000D17      1A26       0  CODE        2
                text75                         000D17  000004  000D1B      1A2E       0  CODE        2
                text74                         000D1B  000004  000D1F      1A36       0  CODE        2
                text68                         000D1F  000004  000D23      1A3E       0  CODE        2
                text59                         000D23  000004  000D27      1A46       0  CODE        2
                text54                         000D27  000004  000D2B      1A4E       0  CODE        2
                text50                         000D2B  000004  000D2F      1A56       0  CODE        2
                text47                         000D2F  000004  000D33      1A5E       0  CODE        2
                text6                          000D33  000004  000D37      1A66       0  CODE        2
                text71                         000D37  000005  000D3C      1A6E       0  CODE        2
                text57                         000D3C  000005  000D41      1A78       0  CODE        2
                text52                         000D41  000005  000D46      1A82       0  CODE        2
                text4                          000D46  000005  000D4B      1A8C       0  CODE        2
                text64                         000D4B  000006  000D51      1A96       0  CODE        2
                text63                         000D51  000006  000D57      1AA2       0  CODE        2
                text56                         000D57  000006  000D5D      1AAE       0  CODE        2
                text13                         000D5D  000006  000D63      1ABA       0  CODE        2
                clrtext                        000D63  000006  000D69      1AC6       0  CODE        2
                inittext                       000D69  000006  000D6F      1AD2       0  CODE        2
                text66                         000D6F  000007  000D76      1ADE       0  CODE        2
                text61                         000D76  000007  000D7D      1AEC       0  CODE        2
                text58                         000D7D  000007  000D84      1AFA       0  CODE        2
                text40                         000D84  000007  000D8B      1B08       0  CODE        2
                text35                         000D8B  000007  000D92      1B16       0  CODE        2
                text23                         000D92  000007  000D99      1B24       0  CODE        2
                idataBANK0                     000D99  000007  000DA0      1B32       0  CODE        2
                text67                         000DA0  000008  000DA8      1B40       0  CODE        2
                text62                         000DA8  000008  000DB0      1B50       0  CODE        2
                text11                         000DB0  000008  000DB8      1B60       0  CODE        2
                text44                         000DB8  00000B  000DC3      1B70       0  CODE        2
                text10                         000DC3  00000B  000DCE      1B86       0  CODE        2
                text3                          000DCE  00000B  000DD9      1B9C       0  CODE        2
                text22                         000DD9  00000C  000DE5      1BB2       0  CODE        2
                text15                         000DE5  00000C  000DF1      1BCA       0  CODE        2
                text9                          000DF1  00000C  000DFD      1BE2       0  CODE        2
                text7                          000DFD  00000C  000E09      1BFA       0  CODE        2
                text85                         000E09  00000E  000E17      1C12       0  CODE        2
                text48                         000E17  00000F  000E26      1C2E       0  CODE        2
                text42                         000E26  000010  000E36      1C4C       0  CODE        2
                text46                         000E36  000011  000E47      1C6C       0  CODE        2
                text79                         000E47  000013  000E5A      1C8E       0  CODE        2
                text1                          000E5A  000013  000E6D      1CB4       0  CODE        2
                text12                         000E6D  000014  000E81      1CDA       0  CODE        2
                text5                          000E81  000016  000E97      1D02       0  CODE        2
                idataBANK1                     000E97  000018  000EAF      1D2E       0  CODE        2
                text8                          000EAF  00001D  000ECC      1D5E       0  CODE        2
                text39                         000ECC  00001E  000EEA      1D98       0  CODE        2
                text60                         000EEA  000022  000F0C      1DD4       0  CODE        2
                text34                         000F0C  000022  000F2E      1E18       0  CODE        2
                text38                         000F2E  000026  000F54      1E5C       0  CODE        2
                text28                         000F54  000028  000F7C      1EA8       0  CODE        2
                text49                         000F7C  00002A  000FA6      1EF8       0  CODE        2
                text69                         000FA6  00002C  000FD2      1F4C       0  CODE        2
                text33                         000FD2  00002E  001000      1FA4       0  CODE        2


UNUSED ADDRESS RANGES

        Name                Unused          Largest block    Delta
        BANK0            0006D-0006F               3           1
        BANK1            000CF-000EF              21           1
        BANK2            00120-0016F              50           1
        BANK3            001A0-001EF              50           1
        BANK4            00220-0026F              50           1
        BANK5            002A0-002EF              50           1
        BANK6            00320-0032F              10           1
        BIGRAM           02000-021EF             1F0           1
        CODE             00825-00CEE             4CA           2
        COMMON           0007A-0007D               4           1
        CONST            00825-00CEE             100           2
        ENTRY            00825-00CEE             100           2
        IDLOC            08000-08003               4           2
        RAM              0006D-0006F               3           1
                         000CF-000EF              21
                         00120-0016F              50
                         001A0-001EF              50
                         00220-0026F              50
                         002A0-002EF              50
                         00320-0032F              10
        SFR0             00000-0001F              20           1
        SFR1             00080-0009F              20           1
        SFR10            00500-0056F              70           1
        SFR11            00580-005EF              70           1
        SFR12            00600-0066F              70           1
        SFR13            00680-006EF              70           1
        SFR14            00700-0076F              70           1
        SFR15            00780-007EF              70           1
        SFR16            00800-0086F              70           1
        SFR17            00880-008EF              70           1
        SFR18            00900-0096F              70           1
        SFR19            00980-009EF              70           1
        SFR2             00100-0011F              20           1
        SFR20            00A00-00A6F              70           1
        SFR21            00A80-00AEF              70           1
        SFR22            00B00-00B6F              70           1
        SFR23            00B80-00BEF              70           1
        SFR24            00C00-00C6F              70           1
        SFR25            00C80-00CEF              70           1
        SFR26            00D00-00D6F              70           1
        SFR27            00D80-00DEF              70           1
        SFR28            00E00-00E6F              70           1
        SFR29            00E80-00EEF              70           1
        SFR3             00180-0019F              20           1
        SFR30            00F00-00F6F              70           1
        SFR31            00F80-00FEF              70           1
        SFR4             00200-0021F              20           1
        SFR5             00280-0029F              20           1
        SFR6             00300-0031F              20           1
        SFR7             00380-003EF              70           1
        SFR8             00400-0046F              70           1
        SFR9             00480-004EF              70           1
        STRCODE          00825-00CEE             4CA           2
        STRING           00825-00CEE             100           2

                                  Symbol Table

?_ADC2Amp                                           cstackBANK0  0003A
?_ADC2Celsius                                       cstackBANK0  0003A
?___aldiv                                           cstackBANK0  0002C
?___lmul                                            cstackBANK0  00020
?_getADCValue                                       cstackBANK0  00020
?_packLong                                          cstackBANK0  00020
ADC2Amp@result                                      cstackBANK0  00042
ADC2Amp@v                                           cstackBANK0  0003A
ADC2Amp@value                                       cstackBANK0  0003E
ADC2Celsius@result                                  cstackBANK0  00044
ADC2Celsius@v                                       cstackBANK0  0003A
ADC2Celsius@value                                   cstackBANK0  00040
ADC2dBm@result                                      cstackBANK0  00040
ADC2dBm@v                                           cstackBANK0  0003A
ADC2dBm@value                                       cstackBANK0  0003C
ADC_SelectChannel@channel                           cstackCOMMON 00075
ADC_SetInterruptHandler@InterruptHandler            cstackCOMMON 00074
EUSART_FramingErrorCallbackRegister@callbackHandler cstackCOMMON 00074
EUSART_OverrunErrorCallbackRegister@callbackHandler cstackCOMMON 00074
EUSART_Write@txData                                 cstackCOMMON 00074
I2C1_CallbackRegister@callbackHandler               cstackCOMMON 00074
I2C1_DataTransmit@data                              cstackCOMMON 00070
I2C1_EVENT_ERROR@retEventState                      cstackCOMMON 00070
I2C1_EVENT_NACK@retEventState                       cstackCOMMON 00070
I2C1_EVENT_RX@retEventState                         cstackCOMMON 00071
I2C1_EVENT_TX@retEventState                         cstackCOMMON 00071
I2C1_Read@address                                   cstackBANK0  00020
I2C1_Read@data                                      cstackBANK0  00022
I2C1_Read@dataLength                                cstackBANK0  00023
I2C1_Read@retStatus                                 cstackCOMMON 00075
I2C1_Write@address                                  cstackBANK0  00020
I2C1_Write@data                                     cstackBANK0  00022
I2C1_Write@dataLength                               cstackBANK0  00023
INT_SetInterruptHandler@InterruptHandler            cstackCOMMON 00074
KAPS_GoToIdx@idx                                    cstackBANK0  00027
KAPS_GoToIdx@reg                                    cstackBANK0  00028
KAPS_StorePos@data                                  cstackBANK0  00033
KAPS_StorePos@idx                                   cstackBANK0  00038
KAPS_StorePos@pos                                   cstackBANK0  0002D
KAPS_StorePos@reg                                   cstackBANK0  00037
KAPS_getIndex@data                                  cstackBANK0  00028
KAPS_getIndex@reg                                   cstackBANK0  00027
KAPS_getPos@data                                    cstackBANK0  0002F
KAPS_getPos@reg                                     cstackBANK0  00033
KAPS_getStatus@data                                 cstackBANK0  00028
KAPS_getStatus@reg                                  cstackBANK0  00027
KAPS_setAbsPos@data                                 cstackBANK0  00033
KAPS_setAbsPos@pos                                  cstackBANK0  0002D
KAPS_setAbsPos@reg                                  cstackBANK0  00037
KAPS_setRelPos@offset                               cstackBANK0  00027
KAPS_setRelPos@reg                                  cstackBANK0  00028
KAPS_setRelPos@value                                cstackBANK0  00029
Parse@data                                          cstackBANK0  00028
ProcessMsg@data                                     cstackBANK0  0004E
ProcessMsg@msg_id                                   cstackBANK0  00050
ProcessMsg@payload                                  bssBANK1     000C4
SSPA_getPOut@adc_value                              cstackBANK0  00048
SSPA_getPOut@band                                   cstackBANK0  0004A
SSPA_getTemp@adc_value                              cstackBANK0  0004A
SSPA_getTemp@band                                   cstackBANK0  0004D
SSPA_getTemp@channel                                cstackBANK0  0004C
SSPA_setMute@band                                   cstackCOMMON 00075
SSPA_setMute@mute                                   cstackCOMMON 00074
SendMsg@data                                        cstackBANK0  00020
SendMsg@data_len                                    cstackBANK0  00021
SendMsg@msg_id                                      cstackBANK0  00024
SendMsg@sum                                         cstackBANK0  00023
SendNack@error                                      cstackBANK0  00025
SendSync@data                                       cstackCOMMON 00075
_ADC2Amp                                            text25       004F4
_ADC2Celsius                                        text18       003D5
_ADC2dBm                                            text24       005EF
_ADCON0                                             (abs)        0009D
_ADCON0bits                                         (abs)        0009D
_ADCON1                                             (abs)        0009E
_ADCON2                                             (abs)        0009F
_ADC_DefaultInterruptHandler                        text86       00CEF
_ADC_ISR                                            text85       00E09
_ADC_Initialize                                     text12       00E6D
_ADC_InterruptHandler                               nvBANK0      0006B
_ADC_IsConversionDone                               text23       00D92
_ADC_SelectChannel                                  text22       00DD9
_ADC_SetInterruptHandler                            text13       00D5D
_ADC_StartConversion                                text21       00D08
_ADRESH                                             (abs)        0009C
_ADRESL                                             (abs)        0009B
_ANSELA                                             (abs)        0018C
_ANSELB                                             (abs)        0018D
_ANSELC                                             (abs)        0018E
_BAUD1CON                                           (abs)        0019F
_BAUD1CONbits                                       (abs)        0019F
_BORCON                                             (abs)        00116
_CLOCK_Initialize                                   text11       00DB0
_EUSART_AutoBaudQuery                               (abs)        00000
_EUSART_AutoBaudSet                                 (abs)        00000
_EUSART_DefaultFramingErrorCallback                 text51       00003
_EUSART_DefaultOverrunErrorCallback                 text50       00D2B
_EUSART_Deinitialize                                (abs)        00000
_EUSART_ErrorGet                                    (abs)        00000
_EUSART_FramingErrorCallbackRegister                text10       00DC3
_EUSART_FramingErrorHandler                         bssCOMMON    00076
_EUSART_Initialize                                  text8        00EAF
_EUSART_IsRxReady                                   text52       00D41
_EUSART_IsTxDone                                    (abs)        00000
_EUSART_IsTxReady                                   text48       00E17
_EUSART_IsTxReady$1324                              cstackCOMMON 00074
_EUSART_OverrunErrorCallbackRegister                text9        00DF1
_EUSART_OverrunErrorHandler                         bssBANK0     0005E
_EUSART_Read                                        text49       00F7C
_EUSART_TransmitDisable                             (abs)        00000
_EUSART_TransmitEnable                              (abs)        00000
_EUSART_Write                                       text47       00D2F
_I2C1_AckSend                                       text77       00D13
_I2C1_BusReset                                      text83       00D0B
_I2C1_Callback                                      bssBANK0     00062
_I2C1_CallbackRegister                              text7        00DFD
_I2C1_Close                                         text79       00E47
_I2C1_DataReceive                                   text76       00CF9
_I2C1_DataTransmit                                  text71       00D37
_I2C1_DefaultCallback                               text84       00002
_I2C1_Deinitialize                                  (abs)        00000
_I2C1_ERROR_ISR                                     text59       00D23
_I2C1_EVENT_ERROR                                   text63       00D51
_I2C1_EVENT_IDLE                                    text68       00D1F
_I2C1_EVENT_NACK                                    text64       00D4B
_I2C1_EVENT_RESET                                   text61       00D76
_I2C1_EVENT_RX                                      text65       006A3
_I2C1_EVENT_SEND_RD_ADDR                            text67       00DA0
_I2C1_EVENT_SEND_WR_ADDR                            text66       00D6F
_I2C1_EVENT_STOP                                    text62       00DA8
_I2C1_EVENT_TX                                      text69       00FA6
_I2C1_ErrorEventHandler                             text60       00EEA
_I2C1_ErrorGet                                      (abs)        00000
_I2C1_ErrorInterruptClear                           text82       00CF0
_I2C1_EventHandler                                  text55       004B1
_I2C1_ISR                                           text54       00D27
_I2C1_Initialize                                    text5        00E81
_I2C1_InterruptClear                                text81       00CF3
_I2C1_InterruptsEnable                              text6        00D33
_I2C1_IsAddr                                        text58       00D7D
_I2C1_IsBusy                                        text42       00E26
_I2C1_IsBusy$646                                    cstackCOMMON 00074
_I2C1_IsData                                        text57       00D3C
_I2C1_IsNack                                        text56       00D57
_I2C1_IsRxBufFull                                   text75       00D17
_I2C1_NackSend                                      text74       00D1B
_I2C1_Read                                          text34       00F0C
_I2C1_ReadStart                                     text35       00D8B
_I2C1_ReceiveEnable                                 text73       00CFC
_I2C1_RestartDisable                                text72       00CFF
_I2C1_RestartEnable                                 text70       00D02
_I2C1_StartSend                                     text41       00D05
_I2C1_StatusFlagsClear                              text80       00D0F
_I2C1_StopSend                                      text78       00CF6
_I2C1_Write                                         text39       00ECC
_I2C1_WriteRead                                     (abs)        00000
_I2C1_WriteStart                                    text40       00D84
_INLVLA                                             (abs)        0038C
_INLVLB                                             (abs)        0038D
_INLVLC                                             (abs)        0038E
_INTCONbits                                         (abs)        0000B
_INTERRUPT_Initialize                               text3        00DCE
_INTERRUPT_InterruptManager                         intentry     00004
_INT_DefaultInterruptHandler                        (abs)        00000
_INT_InterruptHandler                               bssCOMMON    00078
_INT_SetInterruptHandler                            text4        00D46
_IOCAF                                              (abs)        00393
_IOCAN                                              (abs)        00392
_IOCAP                                              (abs)        00391
_IOCBF                                              (abs)        00396
_IOCBN                                              (abs)        00395
_IOCBP                                              (abs)        00394
_IOCCF                                              (abs)        00399
_IOCCN                                              (abs)        00398
_IOCCP                                              (abs)        00397
_KAPS_GoToIdx                                       text38       00F2E
_KAPS_StorePos                                      text36       00534
_KAPS_getIndex                                      text33       00FD2
_KAPS_getPos                                        text31       00574
_KAPS_getStatus                                     text30       007A9
_KAPS_setAbsPos                                     text29       00746
_KAPS_setRelPos                                     text28       00F54
_LATA                                               (abs)        0010C
_LATB                                               (abs)        0010D
_LATC                                               (abs)        0010E
_LATCbits                                           (abs)        0010E
_ODCONA                                             (abs)        0028C
_ODCONB                                             (abs)        0028D
_ODCONC                                             (abs)        0028E
_OPTION_REGbits                                     (abs)        00095
_OSCCON                                             (abs)        00099
_OSCTUNE                                            (abs)        00098
_PIE1bits                                           (abs)        00090
_PIE2bits                                           (abs)        00091
_PIN_MANAGER_Initialize                             text2        00421
_PIR1bits                                           (abs)        00010
_PIR2bits                                           (abs)        00011
_Parse                                              text43       001AC
_ProcessMsg                                         text14       00068
_RB5PPS                                             (abs)        00E9D
_RB6PPS                                             (abs)        00E9E
_RC1REG                                             (abs)        00199
_RC1STA                                             (abs)        0019D
_RC1STAbits                                         (abs)        0019D
_RC2PPS                                             (abs)        00EA2
_RXPPS                                              (abs)        00E24
_SLRCONA                                            (abs)        0030C
_SLRCONB                                            (abs)        0030D
_SLRCONC                                            (abs)        0030E
_SPBRGH                                             (abs)        0019C
_SPBRGL                                             (abs)        0019B
_SSP1ADD                                            (abs)        00212
_SSP1BUF                                            (abs)        00211
_SSP1CON1                                           (abs)        00215
_SSP1CON1bits                                       (abs)        00215
_SSP1CON2                                           (abs)        00216
_SSP1CON2bits                                       (abs)        00216
_SSP1CON3                                           (abs)        00217
_SSP1STAT                                           (abs)        00214
_SSP1STATbits                                       (abs)        00214
_SSPA_getPOut                                       text19       002F4
_SSPA_getTemp                                       text17       005B2
_SSPA_setMute                                       text16       00668
_SSPCLKPPS                                          (abs)        00E20
_SSPDATPPS                                          (abs)        00E21
_SYSTEM_Initialize                                  text1        00E5A
_SendMsg                                            text45       0062C
_SendNack                                           text44       00DB8
_SendSync                                           text46       00E36
_TRISA                                              (abs)        0008C
_TRISB                                              (abs)        0008D
_TRISC                                              (abs)        0008E
_TX1REG                                             (abs)        0019A
_TX1STA                                             (abs)        0019E
_TX1STAbits                                         (abs)        0019E
_WPUA                                               (abs)        0020C
_WPUB                                               (abs)        0020D
_WPUC                                               (abs)        0020E
__H__absolute__                                     __absolute__ 00000
__Habs1                                             abs1         00000
__Hbank0                                            bank0        00000
__Hbank1                                            bank1        00000
__Hbank10                                           bank10       00000
__Hbank11                                           bank11       00000
__Hbank12                                           bank12       00000
__Hbank13                                           bank13       00000
__Hbank14                                           bank14       00000
__Hbank15                                           bank15       00000
__Hbank16                                           bank16       00000
__Hbank17                                           bank17       00000
__Hbank18                                           bank18       00000
__Hbank19                                           bank19       00000
__Hbank2                                            bank2        00000
__Hbank20                                           bank20       00000
__Hbank21                                           bank21       00000
__Hbank22                                           bank22       00000
__Hbank23                                           bank23       00000
__Hbank24                                           bank24       00000
__Hbank25                                           bank25       00000
__Hbank26                                           bank26       00000
__Hbank27                                           bank27       00000
__Hbank28                                           bank28       00000
__Hbank29                                           bank29       00000
__Hbank3                                            bank3        00000
__Hbank30                                           bank30       00000
__Hbank31                                           bank31       00000
__Hbank4                                            bank4        00000
__Hbank5                                            bank5        00000
__Hbank6                                            bank6        00000
__Hbank7                                            bank7        00000
__Hbank8                                            bank8        00000
__Hbank9                                            bank9        00000
__Hbigram                                           bigram       00000
__HbssBANK0                                         bssBANK0     00000
__HbssBANK1                                         bssBANK1     00000
__HbssCOMMON                                        bssCOMMON    00000
__Hcinit                                            cinit        00068
__Hclrtext                                          clrtext      00000
__Hcode                                             code         00000
__Hcommon                                           common       00000
__Hconfig                                           config       0800A
__HcstackBANK0                                      cstackBANK0  00000
__HcstackCOMMON                                     cstackCOMMON 00000
__HdataBANK0                                        dataBANK0    00000
__HdataBANK1                                        dataBANK1    00000
__Heeprom_data                                      eeprom_data  00000
__Hend_init                                         end_init     00038
__Hfunctab                                          functab      00000
__Hheap                                             heap         00000
__HidataBANK0                                       idataBANK0   00000
__HidataBANK1                                       idataBANK1   00000
__Hinit                                             init         00036
__Hinittext                                         inittext     00000
__Hintentry                                         intentry     00036
__Hmaintext                                         maintext     00000
__HnvBANK0                                          nvBANK0      00000
__Hpowerup                                          powerup      00000
__Hram                                              ram          00000
__Hreset_vec                                        reset_vec    00002
__Hsfr0                                             sfr0         00000
__Hsfr1                                             sfr1         00000
__Hsfr10                                            sfr10        00000
__Hsfr11                                            sfr11        00000
__Hsfr12                                            sfr12        00000
__Hsfr13                                            sfr13        00000
__Hsfr14                                            sfr14        00000
__Hsfr15                                            sfr15        00000
__Hsfr16                                            sfr16        00000
__Hsfr17                                            sfr17        00000
__Hsfr18                                            sfr18        00000
__Hsfr19                                            sfr19        00000
__Hsfr2                                             sfr2         00000
__Hsfr20                                            sfr20        00000
__Hsfr21                                            sfr21        00000
__Hsfr22                                            sfr22        00000
__Hsfr23                                            sfr23        00000
__Hsfr24                                            sfr24        00000
__Hsfr25                                            sfr25        00000
__Hsfr26                                            sfr26        00000
__Hsfr27                                            sfr27        00000
__Hsfr28                                            sfr28        00000
__Hsfr29                                            sfr29        00000
__Hsfr3                                             sfr3         00000
__Hsfr30                                            sfr30        00000
__Hsfr31                                            sfr31        00000
__Hsfr4                                             sfr4         00000
__Hsfr5                                             sfr5         00000
__Hsfr6                                             sfr6         00000
__Hsfr7                                             sfr7         00000
__Hsfr8                                             sfr8         00000
__Hsfr9                                             sfr9         00000
__Hsivt                                             sivt         00036
__Hspace_0                                          (abs)        01000
__Hspace_1                                          (abs)        000CF
__Hspace_2                                          (abs)        00000
__Hspace_3                                          (abs)        00000
__Hspace_4                                          (abs)        10011
__Hstack                                            stack        00000
__Hstrings                                          strings      00000
__Hstringtext1                                      stringtext1  00000
__Hstringtext2                                      stringtext2  00000
__Hstringtext3                                      stringtext3  00000
__Htext                                             text         00000
__L__absolute__                                     __absolute__ 00000
__Labs1                                             abs1         00000
__Lbank0                                            bank0        00000
__Lbank1                                            bank1        00000
__Lbank10                                           bank10       00000
__Lbank11                                           bank11       00000
__Lbank12                                           bank12       00000
__Lbank13                                           bank13       00000
__Lbank14                                           bank14       00000
__Lbank15                                           bank15       00000
__Lbank16                                           bank16       00000
__Lbank17                                           bank17       00000
__Lbank18                                           bank18       00000
__Lbank19                                           bank19       00000
__Lbank2                                            bank2        00000
__Lbank20                                           bank20       00000
__Lbank21                                           bank21       00000
__Lbank22                                           bank22       00000
__Lbank23                                           bank23       00000
__Lbank24                                           bank24       00000
__Lbank25                                           bank25       00000
__Lbank26                                           bank26       00000
__Lbank27                                           bank27       00000
__Lbank28                                           bank28       00000
__Lbank29                                           bank29       00000
__Lbank3                                            bank3        00000
__Lbank30                                           bank30       00000
__Lbank31                                           bank31       00000
__Lbank4                                            bank4        00000
__Lbank5                                            bank5        00000
__Lbank6                                            bank6        00000
__Lbank7                                            bank7        00000
__Lbank8                                            bank8        00000
__Lbank9                                            bank9        00000
__Lbigram                                           bigram       00000
__LbssBANK0                                         bssBANK0     00000
__LbssBANK1                                         bssBANK1     00000
__LbssCOMMON                                        bssCOMMON    00000
__Lcinit                                            cinit        00038
__Lclrtext                                          clrtext      00000
__Lcode                                             code         00000
__Lcommon                                           common       00000
__Lconfig                                           config       00000
__LcstackBANK0                                      cstackBANK0  00000
__LcstackCOMMON                                     cstackCOMMON 00000
__LdataBANK0                                        dataBANK0    00000
__LdataBANK1                                        dataBANK1    00000
__Leeprom_data                                      eeprom_data  00000
__Lend_init                                         end_init     00036
__Lfunctab                                          functab      00000
__Lheap                                             heap         00000
__LidataBANK0                                       idataBANK0   00000
__LidataBANK1                                       idataBANK1   00000
__Linit                                             init         00036
__Linittext                                         inittext     00000
__Lintentry                                         intentry     00004
__Lmaintext                                         maintext     00000
__LnvBANK0                                          nvBANK0      00000
__Lpowerup                                          powerup      00000
__Lram                                              ram          00000
__Lreset_vec                                        reset_vec    00000
__Lsfr0                                             sfr0         00000
__Lsfr1                                             sfr1         00000
__Lsfr10                                            sfr10        00000
__Lsfr11                                            sfr11        00000
__Lsfr12                                            sfr12        00000
__Lsfr13                                            sfr13        00000
__Lsfr14                                            sfr14        00000
__Lsfr15                                            sfr15        00000
__Lsfr16                                            sfr16        00000
__Lsfr17                                            sfr17        00000
__Lsfr18                                            sfr18        00000
__Lsfr19                                            sfr19        00000
__Lsfr2                                             sfr2         00000
__Lsfr20                                            sfr20        00000
__Lsfr21                                            sfr21        00000
__Lsfr22                                            sfr22        00000
__Lsfr23                                            sfr23        00000
__Lsfr24                                            sfr24        00000
__Lsfr25                                            sfr25        00000
__Lsfr26                                            sfr26        00000
__Lsfr27                                            sfr27        00000
__Lsfr28                                            sfr28        00000
__Lsfr29                                            sfr29        00000
__Lsfr3                                             sfr3         00000
__Lsfr30                                            sfr30        00000
__Lsfr31                                            sfr31        00000
__Lsfr4                                             sfr4         00000
__Lsfr5                                             sfr5         00000
__Lsfr6                                             sfr6         00000
__Lsfr7                                             sfr7         00000
__Lsfr8                                             sfr8         00000
__Lsfr9                                             sfr9         00000
__Lsivt                                             sivt         00036
__Lspace_0                                          (abs)        00000
__Lspace_1                                          (abs)        00000
__Lspace_2                                          (abs)        00000
__Lspace_3                                          (abs)        00000
__Lspace_4                                          (abs)        00000
__Lstack                                            stack        00000
__Lstrings                                          strings      00000
__Lstringtext1                                      stringtext1  00000
__Lstringtext2                                      stringtext2  00000
__Lstringtext3                                      stringtext3  00000
__Ltext                                             text         00000
__S0                                                (abs)        01000
__S1                                                (abs)        000CF
___aldiv                                            text27       00264
___aldiv@counter                                    cstackBANK0  00034
___aldiv@dividend                                   cstackBANK0  00030
___aldiv@divisor                                    cstackBANK0  0002C
___aldiv@quotient                                   cstackBANK0  00036
___aldiv@sign                                       cstackBANK0  00035
___heap_hi                                          (abs)        00000
___heap_lo                                          (abs)        00000
___int_sp                                           stack        00000
___int_stack_hi                                     stack        00000
___int_stack_lo                                     stack        00000
___latbits                                          (abs)        00001
___lmul                                             text26       00712
___lmul@multiplicand                                cstackBANK0  00024
___lmul@multiplier                                  cstackBANK0  00020
___lmul@product                                     cstackBANK0  00028
___sp                                               stack        00000
___stack_hi                                         stack        00000
___stack_lo                                         stack        00000
___stackhi                                          (abs)        00000
___stacklo                                          (abs)        00000
__end_of_ADC2Amp                                    text25       00534
__end_of_ADC2Celsius                                text18       00421
__end_of_ADC2dBm                                    text24       0062C
__end_of_ADC_DefaultInterruptHandler                text86       00CF0
__end_of_ADC_ISR                                    text85       00E17
__end_of_ADC_Initialize                             text12       00E81
__end_of_ADC_IsConversionDone                       text23       00D99
__end_of_ADC_SelectChannel                          text22       00DE5
__end_of_ADC_SetInterruptHandler                    text13       00D63
__end_of_ADC_StartConversion                        text21       00D0B
__end_of_CLOCK_Initialize                           text11       00DB8
__end_of_EUSART_DefaultFramingErrorCallback         text51       00004
__end_of_EUSART_DefaultOverrunErrorCallback         text50       00D2F
__end_of_EUSART_FramingErrorCallbackRegister        text10       00DCE
__end_of_EUSART_Initialize                          text8        00ECC
__end_of_EUSART_IsRxReady                           text52       00D46
__end_of_EUSART_IsTxReady                           text48       00E26
__end_of_EUSART_OverrunErrorCallbackRegister        text9        00DFD
__end_of_EUSART_Read                                text49       00FA6
__end_of_EUSART_Write                               text47       00D33
__end_of_I2C1_AckSend                               text77       00D17
__end_of_I2C1_BusReset                              text83       00D0F
__end_of_I2C1_CallbackRegister                      text7        00E09
__end_of_I2C1_Close                                 text79       00E5A
__end_of_I2C1_DataReceive                           text76       00CFC
__end_of_I2C1_DataTransmit                          text71       00D3C
__end_of_I2C1_DefaultCallback                       text84       00003
__end_of_I2C1_ERROR_ISR                             text59       00D27
__end_of_I2C1_EVENT_ERROR                           text63       00D57
__end_of_I2C1_EVENT_IDLE                            text68       00D23
__end_of_I2C1_EVENT_NACK                            text64       00D51
__end_of_I2C1_EVENT_RESET                           text61       00D7D
__end_of_I2C1_EVENT_RX                              text65       006DC
__end_of_I2C1_EVENT_SEND_RD_ADDR                    text67       00DA8
__end_of_I2C1_EVENT_SEND_WR_ADDR                    text66       00D76
__end_of_I2C1_EVENT_STOP                            text62       00DB0
__end_of_I2C1_EVENT_TX                              text69       00FD2
__end_of_I2C1_ErrorEventHandler                     text60       00F0C
__end_of_I2C1_ErrorInterruptClear                   text82       00CF3
__end_of_I2C1_EventHandler                          text55       004F4
__end_of_I2C1_ISR                                   text54       00D2B
__end_of_I2C1_Initialize                            text5        00E97
__end_of_I2C1_InterruptClear                        text81       00CF6
__end_of_I2C1_InterruptsEnable                      text6        00D37
__end_of_I2C1_IsAddr                                text58       00D84
__end_of_I2C1_IsBusy                                text42       00E36
__end_of_I2C1_IsData                                text57       00D41
__end_of_I2C1_IsNack                                text56       00D5D
__end_of_I2C1_IsRxBufFull                           text75       00D1B
__end_of_I2C1_NackSend                              text74       00D1F
__end_of_I2C1_Read                                  text34       00F2E
__end_of_I2C1_ReadStart                             text35       00D92
__end_of_I2C1_ReceiveEnable                         text73       00CFF
__end_of_I2C1_RestartDisable                        text72       00D02
__end_of_I2C1_RestartEnable                         text70       00D05
__end_of_I2C1_StartSend                             text41       00D08
__end_of_I2C1_StatusFlagsClear                      text80       00D13
__end_of_I2C1_StopSend                              text78       00CF9
__end_of_I2C1_Write                                 text39       00EEA
__end_of_I2C1_WriteStart                            text40       00D8B
__end_of_I2C_Host                                   stringtext2  00813
__end_of_INTERRUPT_Initialize                       text3        00DD9
__end_of_INTERRUPT_InterruptManager                 intentry     00036
__end_of_INT_SetInterruptHandler                    text4        00D4B
__end_of_KAPS_GoToIdx                               text38       00F54
__end_of_KAPS_StorePos                              text36       00574
__end_of_KAPS_getIndex                              text33       01000
__end_of_KAPS_getPos                                text31       005B2
__end_of_KAPS_getStatus                             text30       007D7
__end_of_KAPS_setAbsPos                             text29       00779
__end_of_KAPS_setRelPos                             text28       00F7C
__end_of_PIN_MANAGER_Initialize                     text2        0046C
__end_of_Parse                                      text43       00264
__end_of_ProcessMsg                                 text14       001AC
__end_of_SSPA_getPOut                               text19       0037E
__end_of_SSPA_getTemp                               text17       005EF
__end_of_SSPA_setMute                               text16       006A3
__end_of_SYSTEM_Initialize                          text1        00E6D
__end_of_SendMsg                                    text45       00668
__end_of_SendNack                                   text44       00DC3
__end_of_SendSync                                   text46       00E47
__end_of_UART                                       stringtext1  007A9
__end_of___aldiv                                    text27       002F4
__end_of___lmul                                     text26       00746
__end_of__initialization                            cinit        00064
__end_of_getADCValue                                text20       00712
__end_of_i2c1_eventTable                            stringtext3  00825
__end_of_main                                       maintext     007FF
__end_of_packLong                                   text32       003D5
__end_of_unpackLong                                 text37       004B1
__end_of_unpackWord                                 text15       00DF1
__initialization                                    cinit        00038
__pbssBANK0                                         bssBANK0     00052
__pbssBANK1                                         bssBANK1     000B8
__pbssCOMMON                                        bssCOMMON    00076
__pcstackBANK0                                      cstackBANK0  00020
__pcstackCOMMON                                     cstackCOMMON 00070
__pdataBANK0                                        dataBANK0    00064
__pdataBANK1                                        dataBANK1    000A0
__pidataBANK0                                       idataBANK0   00D99
__pidataBANK1                                       idataBANK1   00E97
__pintentry                                         intentry     00004
__pmaintext                                         maintext     007D7
__pnvBANK0                                          nvBANK0      0006B
__pstringtext1                                      stringtext1  00779
__pstringtext2                                      stringtext2  007FF
__pstringtext3                                      stringtext3  00813
__ptext1                                            text1        00E5A
__ptext10                                           text10       00DC3
__ptext11                                           text11       00DB0
__ptext12                                           text12       00E6D
__ptext13                                           text13       00D5D
__ptext14                                           text14       00068
__ptext15                                           text15       00DE5
__ptext16                                           text16       00668
__ptext17                                           text17       005B2
__ptext18                                           text18       003D5
__ptext19                                           text19       002F4
__ptext2                                            text2        00421
__ptext20                                           text20       006DC
__ptext21                                           text21       00D08
__ptext22                                           text22       00DD9
__ptext23                                           text23       00D92
__ptext24                                           text24       005EF
__ptext25                                           text25       004F4
__ptext26                                           text26       00712
__ptext27                                           text27       00264
__ptext28                                           text28       00F54
__ptext29                                           text29       00746
__ptext3                                            text3        00DCE
__ptext30                                           text30       007A9
__ptext31                                           text31       00574
__ptext32                                           text32       0037E
__ptext33                                           text33       00FD2
__ptext34                                           text34       00F0C
__ptext35                                           text35       00D8B
__ptext36                                           text36       00534
__ptext37                                           text37       0046C
__ptext38                                           text38       00F2E
__ptext39                                           text39       00ECC
__ptext4                                            text4        00D46
__ptext40                                           text40       00D84
__ptext41                                           text41       00D05
__ptext42                                           text42       00E26
__ptext43                                           text43       001AC
__ptext44                                           text44       00DB8
__ptext45                                           text45       0062C
__ptext46                                           text46       00E36
__ptext47                                           text47       00D2F
__ptext48                                           text48       00E17
__ptext49                                           text49       00F7C
__ptext5                                            text5        00E81
__ptext50                                           text50       00D2B
__ptext51                                           text51       00003
__ptext52                                           text52       00D41
__ptext54                                           text54       00D27
__ptext55                                           text55       004B1
__ptext56                                           text56       00D57
__ptext57                                           text57       00D3C
__ptext58                                           text58       00D7D
__ptext59                                           text59       00D23
__ptext6                                            text6        00D33
__ptext60                                           text60       00EEA
__ptext61                                           text61       00D76
__ptext62                                           text62       00DA8
__ptext63                                           text63       00D51
__ptext64                                           text64       00D4B
__ptext65                                           text65       006A3
__ptext66                                           text66       00D6F
__ptext67                                           text67       00DA0
__ptext68                                           text68       00D1F
__ptext69                                           text69       00FA6
__ptext7                                            text7        00DFD
__ptext70                                           text70       00D02
__ptext71                                           text71       00D37
__ptext72                                           text72       00CFF
__ptext73                                           text73       00CFC
__ptext74                                           text74       00D1B
__ptext75                                           text75       00D17
__ptext76                                           text76       00CF9
__ptext77                                           text77       00D13
__ptext78                                           text78       00CF6
__ptext79                                           text79       00E47
__ptext8                                            text8        00EAF
__ptext80                                           text80       00D0F
__ptext81                                           text81       00CF3
__ptext82                                           text82       00CF0
__ptext83                                           text83       00D0B
__ptext84                                           text84       00002
__ptext85                                           text85       00E09
__ptext86                                           text86       00CEF
__ptext9                                            text9        00DF1
_eusartRxLastError                                  bssBANK0     00060
_getADCValue                                        text20       006DC
_i2c1Status                                         bssBANK0     00052
_i2c1_eventTable                                    stringtext3  00813
_kaps                                               dataBANK0    00064
_main                                               maintext     007D7
_packLong                                           text32       0037E
_parser                                             bssBANK1     000B8
_parserDataBuffer                                   bssBANK1     000CA
_sspas                                              dataBANK1    000A0
_unpackLong                                         text37       0046C
_unpackWord                                         text15       00DE5
btemp                                               (abs)        0007E
clear_ram0                                          clrtext      00D63
end_of_initialization                               cinit        00064
getADCValue@channel                                 cstackBANK0  00024
getADCValue@i                                       cstackBANK0  00027
getADCValue@sum                                     cstackBANK0  00025
init_ram                                            inittext     00D69
int$flags                                           (abs)        0007E
intlevel0                                           functab      00000
intlevel1                                           functab      00000
intlevel2                                           functab      00000
intlevel3                                           functab      00000
intlevel4                                           functab      00000
intlevel5                                           functab      00000
main@data                                           cstackBANK0  00051
packLong@data                                       cstackBANK0  0002C
packLong@result                                     cstackBANK0  00028
reset_vec                                           reset_vec    00000
start                                               init         00036
start_initialization                                cinit        00038
unpackLong@data                                     cstackBANK0  00024
unpackLong@value                                    cstackBANK0  00020
unpackWord@data                                     cstackBANK0  00022
unpackWord@value                                    cstackBANK0  00020
wtemp0                                              (abs)        0007E


MODULE INFORMATION

Module		Function		Class		Link	Load	Size
parser.c
		_SendSync      		CODE           	0E36	0000	17
		_SendMsg       		CODE           	062C	0000	60
		_Parse         		CODE           	01AC	0000	184
		_SendNack      		CODE           	0DB8	0000	11

parser.c estimated size: 272

C:\Program Files\Microchip\xc8\v2.46\pic\sources\c99\common\aldiv.c
		___aldiv       		CODE           	0264	0000	144

C:\Program Files\Microchip\xc8\v2.46\pic\sources\c99\common\aldiv.c estimated size: 144

mcc_generated_files/system/src/interrupt.c
		_INT_SetInterruptHandler		CODE           	0D46	0000	5
		_INTERRUPT_Initialize		CODE           	0DCE	0000	11
		_INTERRUPT_InterruptManager		CODE           	0004	0000	50

mcc_generated_files/system/src/interrupt.c estimated size: 66

mcc_generated_files/adc/src/adc.c
		_ADC_DefaultInterruptHandler		CODE           	0CEF	0000	1
		_ADC_Initialize		CODE           	0E6D	0000	20
		_ADC_IsConversionDone		CODE           	0D92	0000	7
		_ADC_SetInterruptHandler		CODE           	0D5D	0000	6
		_ADC_StartConversion		CODE           	0D08	0000	3
		_ADC_ISR       		CODE           	0E09	0000	14
		_ADC_SelectChannel		CODE           	0DD9	0000	12

mcc_generated_files/adc/src/adc.c estimated size: 63

mcc_generated_files/system/src/pins.c
		_PIN_MANAGER_Initialize		CODE           	0421	0000	75

mcc_generated_files/system/src/pins.c estimated size: 75

shared
		_UART          		STRCODE        	0000	0000	0
		__initialization		CODE           	0038	0000	44
		_i2c1_eventTable		STRCODE        	0813	0000	18
		_I2C_Host      		STRCODE        	0000	0000	0

shared estimated size: 62

sspa.c
		_ADC2Celsius   		CODE           	03D5	0000	76
		_SSPA_getTemp  		CODE           	05B2	0000	61
		_SSPA_getPOut  		CODE           	02F4	0000	138
		_ADC2Amp       		CODE           	04F4	0000	64
		_SSPA_setMute  		CODE           	0668	0000	59
		_ADC2dBm       		CODE           	05EF	0000	61
		_getADCValue   		CODE           	06DC	0000	54

sspa.c estimated size: 513

utils.c
		_unpackWord    		CODE           	0DE5	0000	12
		_packLong      		CODE           	037E	0000	87
		_unpackLong    		CODE           	046C	0000	69

utils.c estimated size: 168

mcc_generated_files/uart/src/eusart.c
		_EUSART_FramingErrorCallbackRegister		CODE           	0DC3	0000	11
		_EUSART_OverrunErrorCallbackRegister		CODE           	0DF1	0000	12
		_EUSART_Read   		CODE           	0F7C	0000	42
		_EUSART_Write  		CODE           	0D2F	0000	4
		_EUSART_DefaultOverrunErrorCallback		CODE           	0D2B	0000	4
		_EUSART_IsRxReady		CODE           	0D41	0000	5
		_EUSART_IsTxReady		CODE           	0E17	0000	15
		_EUSART_Initialize		CODE           	0EAF	0000	29
		_EUSART_DefaultFramingErrorCallback		CODE           	0003	0000	1

mcc_generated_files/uart/src/eusart.c estimated size: 123

mcc_generated_files/system/src/clock.c
		_CLOCK_Initialize		CODE           	0DB0	0000	8

mcc_generated_files/system/src/clock.c estimated size: 8

mcc_generated_files/i2c_host/src/mssp.c
		_I2C1_EVENT_SEND_WR_ADDR		CODE           	0D6F	0000	7
		_I2C1_Read     		CODE           	0F0C	0000	34
		_I2C1_NackSend 		CODE           	0D1B	0000	4
		_I2C1_ErrorEventHandler		CODE           	0EEA	0000	34
		_I2C1_CallbackRegister		CODE           	0DFD	0000	12
		_I2C1_EVENT_RESET		CODE           	0D76	0000	7
		_I2C1_EVENT_ERROR		CODE           	0D51	0000	6
		_I2C1_ErrorInterruptClear		CODE           	0CF0	0000	3
		_I2C1_StatusFlagsClear		CODE           	0D0F	0000	4
		_I2C1_InterruptsEnable		CODE           	0D33	0000	4
		_I2C1_InterruptClear		CODE           	0CF3	0000	3
		_I2C1_WriteStart		CODE           	0D84	0000	7
		_I2C1_ReadStart		CODE           	0D8B	0000	7
		_I2C1_EVENT_RX 		CODE           	06A3	0000	57
		_I2C1_EVENT_TX 		CODE           	0FA6	0000	44
		_I2C1_ReceiveEnable		CODE           	0CFC	0000	3
		_I2C1_RestartEnable		CODE           	0D02	0000	3
		_I2C1_ISR      		CODE           	0D27	0000	4
		_I2C1_EventHandler		CODE           	04B1	0000	67
		_I2C1_DataReceive		CODE           	0CF9	0000	3
		_I2C1_IsData   		CODE           	0D3C	0000	5
		_I2C1_IsNack   		CODE           	0D57	0000	6
		_I2C1_IsAddr   		CODE           	0D7D	0000	7
		_I2C1_IsBusy   		CODE           	0E26	0000	16
		_I2C1_EVENT_IDLE		CODE           	0D1F	0000	4
		_I2C1_EVENT_NACK		CODE           	0D4B	0000	6
		_I2C1_EVENT_SEND_RD_ADDR		CODE           	0DA0	0000	8
		_I2C1_EVENT_STOP		CODE           	0DA8	0000	8
		_I2C1_BusReset 		CODE           	0D0B	0000	4
		_I2C1_Initialize		CODE           	0E81	0000	22
		_I2C1_Close    		CODE           	0E47	0000	19
		_I2C1_ERROR_ISR		CODE           	0D23	0000	4
		_I2C1_IsRxBufFull		CODE           	0D17	0000	4
		_I2C1_Write    		CODE           	0ECC	0000	30
		_I2C1_StopSend 		CODE           	0CF6	0000	3
		_I2C1_RestartDisable		CODE           	0CFF	0000	3
		_I2C1_DataTransmit		CODE           	0D37	0000	5
		_I2C1_AckSend  		CODE           	0D13	0000	4
		_I2C1_DefaultCallback		CODE           	0002	0000	1
		_I2C1_StartSend		CODE           	0D05	0000	3

mcc_generated_files/i2c_host/src/mssp.c estimated size: 475

kaps.c
		_KAPS_GoToIdx  		CODE           	0F2E	0000	38
		_KAPS_getPos   		CODE           	0574	0000	62
		_KAPS_getIndex 		CODE           	0FD2	0000	46
		_KAPS_getStatus		CODE           	07A9	0000	46
		_KAPS_setRelPos		CODE           	0F54	0000	40
		_KAPS_setAbsPos		CODE           	0746	0000	51
		_KAPS_StorePos 		CODE           	0534	0000	64

kaps.c estimated size: 347

main.c
		_main          		CODE           	07D7	0000	40
		_ProcessMsg    		CODE           	0068	0000	324

main.c estimated size: 364

C:\Program Files\Microchip\xc8\v2.46\pic\sources\c99\common\Umul32.c
		___lmul        		CODE           	0712	0000	52

C:\Program Files\Microchip\xc8\v2.46\pic\sources\c99\common\Umul32.c estimated size: 52

mcc_generated_files/system/src/system.c
		_SYSTEM_Initialize		CODE           	0E5A	0000	19

mcc_generated_files/system/src/system.c estimated size: 19

